This is LuaHBTeX, Version 1.14.0 (TeX Live 2022/dev/Debian)  (format=lualatex 2023.5.31)  28 AUG 2023 17:42
 restricted system commands enabled.
**main.tex
(./main.tex
LaTeX2e <2021-11-15> patch level 1
Lua module: luaotfload 2021-05-21 3.18 Lua based OpenType font support
Lua module: lualibs 2021-05-20 2.74 ConTeXt Lua standard libraries.
Lua module: lualibs-extended 2021-05-20 2.74 ConTeXt Lua libraries -- extended c
ollection.
luaotfload | conf : Root cache directory is "/home/epoizot/.texlive2021/texmf-va
r/luatex-cache/generic/names".
luaotfload | init : Loading fontloader "fontloader-2021-05-20.lua" from kpse-res
olved path "/usr/share/texlive/texmf-dist/tex/luatex/luaotfload/fontloader-2021-
05-20.lua".
Lua-only attribute luaotfload@noligature = 1
Lua-only attribute luaotfload@syllabe = 2
luaotfload | init : Context OpenType loader version 3.116
Inserting `luaotfload.node_processor' at position 1 in `pre_linebreak_filter'.
Inserting `luaotfload.node_processor' at position 1 in `hpack_filter'.
Inserting `luaotfload.glyph_stream' at position 1 in `glyph_stream_provider'.
Inserting `luaotfload.define_font' at position 1 in `define_font'.
Lua-only attribute luaotfload_color_attribute = 3
luaotfload | conf : Root cache directory is "/home/epoizot/.texlive2021/texmf-va
r/luatex-cache/generic/names".
Inserting `luaotfload.harf.strip_prefix' at position 1 in `find_opentype_file'.
Inserting `luaotfload.harf.strip_prefix' at position 1 in `find_truetype_file'.
Inserting `luaotfload.harf.finalize_vlist' at position 1 in `post_linebreak_filt
er'.
Inserting `luaotfload.harf.finalize_hlist' at position 2 in `hpack_filter'.
Inserting `luaotfload.cleanup_files' at position 1 in `wrapup_run'.
Inserting `luaotfload.harf.finalize_unicode' at position 1 in `finish_pdffile'.
Inserting `luaotfload.glyphinfo' at position 1 in `glyph_info'.
Lua-only attribute luaotfload.letterspace_done = 4
Inserting `luaotfload.aux.set_sscale_dimens' at position 1 in `luaotfload.patch_
font'.
Inserting `luaotfload.aux.set_font_index' at position 2 in `luaotfload.patch_fon
t'.
Inserting `luaotfload.aux.patch_cambria_domh' at position 3 in `luaotfload.patch
_font'.
Inserting `luaotfload.aux.fixup_fontdata' at position 1 in `luaotfload.patch_fon
t_unsafe'.
Inserting `luaotfload.aux.set_capheight' at position 4 in `luaotfload.patch_font
'.
Inserting `luaotfload.aux.set_xheight' at position 5 in `luaotfload.patch_font'.
Inserting `luaotfload.rewrite_fontname' at position 6 in `luaotfload.patch_font'
. L3 programming layer <2022-01-21>
Inserting `tracingstacklevels' at position 1 in `input_level_string'.
(/usr/share/texlive/texmf-dist/tex/latex/base/article.cls
Document Class: article 2021/10/04 v1.4n Standard LaTeX document class
(/usr/share/texlive/texmf-dist/tex/latex/base/size12.clo
File: size12.clo 2021/10/04 v1.4n Standard LaTeX file (size option)
luaotfload | db : Font names database loaded from /home/epoizot/.texlive2021/tex
mf-var/luatex-cache/generic/names/luaotfload-names.luc)
\c@part=\count183
\c@section=\count184
\c@subsection=\count185
\c@subsubsection=\count186
\c@paragraph=\count187
\c@subparagraph=\count188
\c@figure=\count189
\c@table=\count190
\abovecaptionskip=\skip47
\belowcaptionskip=\skip48
\bibindent=\dimen137
)
(/usr/share/texlive/texmf-dist/tex/latex/geometry/geometry.sty
Package: geometry 2020/01/02 v5.9 Page Geometry

(/usr/share/texlive/texmf-dist/tex/latex/graphics/keyval.sty
Package: keyval 2014/10/28 v1.15 key=value parser (DPC)
\KV@toks@=\toks16
)
(/usr/share/texlive/texmf-dist/tex/generic/iftex/ifvtex.sty
Package: ifvtex 2019/10/25 v1.7 ifvtex legacy package. Use iftex instead.

(/usr/share/texlive/texmf-dist/tex/generic/iftex/iftex.sty
Package: iftex 2020/03/06 v1.0d TeX engine tests
))
\Gm@cnth=\count191
\Gm@cntv=\count192
\c@Gm@tempcnt=\count193
\Gm@bindingoffset=\dimen138
\Gm@wd@mp=\dimen139
\Gm@odd@mp=\dimen140
\Gm@even@mp=\dimen141
\Gm@layoutwidth=\dimen142
\Gm@layoutheight=\dimen143
\Gm@layouthoffset=\dimen144
\Gm@layoutvoffset=\dimen145
\Gm@dimlist=\toks17
)
(/usr/share/texlive/texmf-dist/tex/latex/base/inputenc.sty
Package: inputenc 2021/02/14 v1.3d Input encoding file
\inpenc@prehook=\toks18
\inpenc@posthook=\toks19


Package inputenc Warning: inputenc package ignored with utf8 based engines.

) (/usr/share/texlive/texmf-dist/tex/latex/base/fontenc.sty
Package: fontenc 2021/04/29 v2.0v Standard LaTeX package
LaTeX Font Info:    Trying to load font information for T1+lmr on input line 11
2.

(/usr/share/texmf/tex/latex/lm/t1lmr.fd
File: t1lmr.fd 2009/10/30 v1.6 Font defs for Latin Modern
))
(/usr/share/texlive/texmf-dist/tex/latex/fancyhdr/fancyhdr.sty
Package: fancyhdr 2021/01/28 v4.0.1 Extensive control of page headers and foote
rs
\f@nch@headwidth=\skip49
\f@nch@O@elh=\skip50
\f@nch@O@erh=\skip51
\f@nch@O@olh=\skip52
\f@nch@O@orh=\skip53
\f@nch@O@elf=\skip54
\f@nch@O@erf=\skip55
\f@nch@O@olf=\skip56
\f@nch@O@orf=\skip57
)
(/usr/share/texlive/texmf-dist/tex/latex/wrapfig/wrapfig.sty
\wrapoverhang=\dimen146
\WF@size=\dimen147
\c@WF@wrappedlines=\count194
\WF@box=\box50
\WF@everypar=\toks20
Package: wrapfig 2003/01/31  v 3.6
)
(/usr/share/texlive/texmf-dist/tex/latex/graphics/graphicx.sty
Package: graphicx 2021/09/16 v1.2d Enhanced LaTeX Graphics (DPC,SPQR)

(/usr/share/texlive/texmf-dist/tex/latex/graphics/graphics.sty
Package: graphics 2021/03/04 v1.4d Standard LaTeX Graphics (DPC,SPQR)

(/usr/share/texlive/texmf-dist/tex/latex/graphics/trig.sty
Package: trig 2021/08/11 v1.11 sin cos tan (DPC)
)
(/usr/share/texlive/texmf-dist/tex/latex/graphics-cfg/graphics.cfg
File: graphics.cfg 2016/06/04 v1.11 sample graphics configuration
)
Package graphics Info: Driver file: luatex.def on input line 107.

(/usr/share/texlive/texmf-dist/tex/latex/graphics-def/luatex.def
File: luatex.def 2021/06/01 v1.2c Graphics/color driver for luatex
))
\Gin@req@height=\dimen148
\Gin@req@width=\dimen149
)
(/usr/share/texlive/texmf-dist/tex/latex/pgf/frontendlayer/tikz.sty
(/usr/share/texlive/texmf-dist/tex/latex/pgf/basiclayer/pgf.sty
(/usr/share/texlive/texmf-dist/tex/latex/pgf/utilities/pgfrcs.sty
(/usr/share/texlive/texmf-dist/tex/generic/pgf/utilities/pgfutil-common.tex
\pgfutil@everybye=\toks21
\pgfutil@tempdima=\dimen150
\pgfutil@tempdimb=\dimen151

(/usr/share/texlive/texmf-dist/tex/generic/pgf/utilities/pgfutil-common-lists.t
ex)) (/usr/share/texlive/texmf-dist/tex/generic/pgf/utilities/pgfutil-latex.def
\pgfutil@abb=\box51
) (/usr/share/texlive/texmf-dist/tex/generic/pgf/utilities/pgfrcs.code.tex
(/usr/share/texlive/texmf-dist/tex/generic/pgf/pgf.revision.tex)
Package: pgfrcs 2021/05/15 v3.1.9a (3.1.9a)
))
Package: pgf 2021/05/15 v3.1.9a (3.1.9a)

(/usr/share/texlive/texmf-dist/tex/latex/pgf/basiclayer/pgfcore.sty
(/usr/share/texlive/texmf-dist/tex/latex/pgf/systemlayer/pgfsys.sty
(/usr/share/texlive/texmf-dist/tex/generic/pgf/systemlayer/pgfsys.code.tex
Package: pgfsys 2021/05/15 v3.1.9a (3.1.9a)

(/usr/share/texlive/texmf-dist/tex/generic/pgf/utilities/pgfkeys.code.tex
\pgfkeys@pathtoks=\toks22
\pgfkeys@temptoks=\toks23

(/usr/share/texlive/texmf-dist/tex/generic/pgf/utilities/pgfkeysfiltered.code.t
ex
\pgfkeys@tmptoks=\toks24
))
\pgf@x=\dimen152
\pgf@y=\dimen153
\pgf@xa=\dimen154
\pgf@ya=\dimen155
\pgf@xb=\dimen156
\pgf@yb=\dimen157
\pgf@xc=\dimen158
\pgf@yc=\dimen159
\pgf@xd=\dimen160
\pgf@yd=\dimen161
\w@pgf@writea=\write3
\r@pgf@reada=\read2
\c@pgf@counta=\count195
\c@pgf@countb=\count196
\c@pgf@countc=\count197
\c@pgf@countd=\count198
\t@pgf@toka=\toks25
\t@pgf@tokb=\toks26
\t@pgf@tokc=\toks27
\pgf@sys@id@count=\count199
 (/usr/share/texlive/texmf-dist/tex/generic/pgf/systemlayer/pgf.cfg
File: pgf.cfg 2021/05/15 v3.1.9a (3.1.9a)
)
Driver file for pgf: pgfsys-luatex.def

(/usr/share/texlive/texmf-dist/tex/generic/pgf/systemlayer/pgfsys-luatex.def
File: pgfsys-luatex.def 2021/05/15 v3.1.9a (3.1.9a)

(/usr/share/texlive/texmf-dist/tex/generic/pgf/systemlayer/pgfsys-common-pdf.de
f
File: pgfsys-common-pdf.def 2021/05/15 v3.1.9a (3.1.9a)
)))
(/usr/share/texlive/texmf-dist/tex/generic/pgf/systemlayer/pgfsyssoftpath.code.
tex
File: pgfsyssoftpath.code.tex 2021/05/15 v3.1.9a (3.1.9a)
\pgfsyssoftpath@smallbuffer@items=\count266
\pgfsyssoftpath@bigbuffer@items=\count267
)
(/usr/share/texlive/texmf-dist/tex/generic/pgf/systemlayer/pgfsysprotocol.code.
tex
File: pgfsysprotocol.code.tex 2021/05/15 v3.1.9a (3.1.9a)
)) (/usr/share/texlive/texmf-dist/tex/latex/xcolor/xcolor.sty
Package: xcolor 2021/10/31 v2.13 LaTeX color extensions (UK)

(/usr/share/texlive/texmf-dist/tex/latex/graphics-cfg/color.cfg
File: color.cfg 2016/01/02 v1.6 sample color configuration
)
Package xcolor Info: Driver file: luatex.def on input line 227.
Package xcolor Info: Model `cmy' substituted by `cmy0' on input line 1352.
Package xcolor Info: Model `hsb' substituted by `rgb' on input line 1356.
Package xcolor Info: Model `RGB' extended on input line 1368.
Package xcolor Info: Model `HTML' substituted by `rgb' on input line 1370.
Package xcolor Info: Model `Hsb' substituted by `hsb' on input line 1371.
Package xcolor Info: Model `tHsb' substituted by `hsb' on input line 1372.
Package xcolor Info: Model `HSB' substituted by `hsb' on input line 1373.
Package xcolor Info: Model `Gray' substituted by `gray' on input line 1374.
Package xcolor Info: Model `wave' substituted by `hsb' on input line 1375.
)
(/usr/share/texlive/texmf-dist/tex/generic/pgf/basiclayer/pgfcore.code.tex
Package: pgfcore 2021/05/15 v3.1.9a (3.1.9a)

(/usr/share/texlive/texmf-dist/tex/generic/pgf/math/pgfmath.code.tex
(/usr/share/texlive/texmf-dist/tex/generic/pgf/math/pgfmathcalc.code.tex
(/usr/share/texlive/texmf-dist/tex/generic/pgf/math/pgfmathutil.code.tex)
(/usr/share/texlive/texmf-dist/tex/generic/pgf/math/pgfmathparser.code.tex
\pgfmath@dimen=\dimen162
\pgfmath@count=\count268
\pgfmath@box=\box52
\pgfmath@toks=\toks28
\pgfmath@stack@operand=\toks29
\pgfmath@stack@operation=\toks30
)
(/usr/share/texlive/texmf-dist/tex/generic/pgf/math/pgfmathfunctions.code.tex
(/usr/share/texlive/texmf-dist/tex/generic/pgf/math/pgfmathfunctions.basic.code
.tex)
(/usr/share/texlive/texmf-dist/tex/generic/pgf/math/pgfmathfunctions.trigonomet
ric.code.tex)
(/usr/share/texlive/texmf-dist/tex/generic/pgf/math/pgfmathfunctions.random.cod
e.tex)
(/usr/share/texlive/texmf-dist/tex/generic/pgf/math/pgfmathfunctions.comparison
.code.tex)
(/usr/share/texlive/texmf-dist/tex/generic/pgf/math/pgfmathfunctions.base.code.
tex)
(/usr/share/texlive/texmf-dist/tex/generic/pgf/math/pgfmathfunctions.round.code
.tex)
(/usr/share/texlive/texmf-dist/tex/generic/pgf/math/pgfmathfunctions.misc.code.
tex)
(/usr/share/texlive/texmf-dist/tex/generic/pgf/math/pgfmathfunctions.integerari
thmetics.code.tex)))
(/usr/share/texlive/texmf-dist/tex/generic/pgf/math/pgfmathfloat.code.tex
\c@pgfmathroundto@lastzeros=\count269
))
(/usr/share/texlive/texmf-dist/tex/generic/pgf/math/pgfint.code.tex)
(/usr/share/texlive/texmf-dist/tex/generic/pgf/basiclayer/pgfcorepoints.code.te
x
File: pgfcorepoints.code.tex 2021/05/15 v3.1.9a (3.1.9a)
\pgf@picminx=\dimen163
\pgf@picmaxx=\dimen164
\pgf@picminy=\dimen165
\pgf@picmaxy=\dimen166
\pgf@pathminx=\dimen167
\pgf@pathmaxx=\dimen168
\pgf@pathminy=\dimen169
\pgf@pathmaxy=\dimen170
\pgf@xx=\dimen171
\pgf@xy=\dimen172
\pgf@yx=\dimen173
\pgf@yy=\dimen174
\pgf@zx=\dimen175
\pgf@zy=\dimen176
)
(/usr/share/texlive/texmf-dist/tex/generic/pgf/basiclayer/pgfcorepathconstruct.
code.tex
File: pgfcorepathconstruct.code.tex 2021/05/15 v3.1.9a (3.1.9a)
\pgf@path@lastx=\dimen177
\pgf@path@lasty=\dimen178
)
(/usr/share/texlive/texmf-dist/tex/generic/pgf/basiclayer/pgfcorepathusage.code
.tex
File: pgfcorepathusage.code.tex 2021/05/15 v3.1.9a (3.1.9a)
\pgf@shorten@end@additional=\dimen179
\pgf@shorten@start@additional=\dimen180
)
(/usr/share/texlive/texmf-dist/tex/generic/pgf/basiclayer/pgfcorescopes.code.te
x
File: pgfcorescopes.code.tex 2021/05/15 v3.1.9a (3.1.9a)
\pgfpic=\box53
\pgf@hbox=\box54
\pgf@layerbox@main=\box55
\pgf@picture@serial@count=\count270
)
(/usr/share/texlive/texmf-dist/tex/generic/pgf/basiclayer/pgfcoregraphicstate.c
ode.tex
File: pgfcoregraphicstate.code.tex 2021/05/15 v3.1.9a (3.1.9a)
\pgflinewidth=\dimen181
)
(/usr/share/texlive/texmf-dist/tex/generic/pgf/basiclayer/pgfcoretransformation
s.code.tex
File: pgfcoretransformations.code.tex 2021/05/15 v3.1.9a (3.1.9a)
\pgf@pt@x=\dimen182
\pgf@pt@y=\dimen183
\pgf@pt@temp=\dimen184
)
(/usr/share/texlive/texmf-dist/tex/generic/pgf/basiclayer/pgfcorequick.code.tex
File: pgfcorequick.code.tex 2021/05/15 v3.1.9a (3.1.9a)
)
(/usr/share/texlive/texmf-dist/tex/generic/pgf/basiclayer/pgfcoreobjects.code.t
ex
File: pgfcoreobjects.code.tex 2021/05/15 v3.1.9a (3.1.9a)
)
(/usr/share/texlive/texmf-dist/tex/generic/pgf/basiclayer/pgfcorepathprocessing
.code.tex
File: pgfcorepathprocessing.code.tex 2021/05/15 v3.1.9a (3.1.9a)
)
(/usr/share/texlive/texmf-dist/tex/generic/pgf/basiclayer/pgfcorearrows.code.te
x
File: pgfcorearrows.code.tex 2021/05/15 v3.1.9a (3.1.9a)
\pgfarrowsep=\dimen185
)
(/usr/share/texlive/texmf-dist/tex/generic/pgf/basiclayer/pgfcoreshade.code.tex
File: pgfcoreshade.code.tex 2021/05/15 v3.1.9a (3.1.9a)
\pgf@max=\dimen186
\pgf@sys@shading@range@num=\count271
\pgf@shadingcount=\count272
)
(/usr/share/texlive/texmf-dist/tex/generic/pgf/basiclayer/pgfcoreimage.code.tex
File: pgfcoreimage.code.tex 2021/05/15 v3.1.9a (3.1.9a)

(/usr/share/texlive/texmf-dist/tex/generic/pgf/basiclayer/pgfcoreexternal.code.
tex
File: pgfcoreexternal.code.tex 2021/05/15 v3.1.9a (3.1.9a)
\pgfexternal@startupbox=\box56
))
(/usr/share/texlive/texmf-dist/tex/generic/pgf/basiclayer/pgfcorelayers.code.te
x
File: pgfcorelayers.code.tex 2021/05/15 v3.1.9a (3.1.9a)
)
(/usr/share/texlive/texmf-dist/tex/generic/pgf/basiclayer/pgfcoretransparency.c
ode.tex
File: pgfcoretransparency.code.tex 2021/05/15 v3.1.9a (3.1.9a)
)
(/usr/share/texlive/texmf-dist/tex/generic/pgf/basiclayer/pgfcorepatterns.code.
tex
File: pgfcorepatterns.code.tex 2021/05/15 v3.1.9a (3.1.9a)
)
(/usr/share/texlive/texmf-dist/tex/generic/pgf/basiclayer/pgfcorerdf.code.tex
File: pgfcorerdf.code.tex 2021/05/15 v3.1.9a (3.1.9a)
)))
(/usr/share/texlive/texmf-dist/tex/generic/pgf/modules/pgfmoduleshapes.code.tex
File: pgfmoduleshapes.code.tex 2021/05/15 v3.1.9a (3.1.9a)
\pgfnodeparttextbox=\box57
) (/usr/share/texlive/texmf-dist/tex/generic/pgf/modules/pgfmoduleplot.code.tex
File: pgfmoduleplot.code.tex 2021/05/15 v3.1.9a (3.1.9a)
)
(/usr/share/texlive/texmf-dist/tex/latex/pgf/compatibility/pgfcomp-version-0-65
.sty
Package: pgfcomp-version-0-65 2021/05/15 v3.1.9a (3.1.9a)
\pgf@nodesepstart=\dimen187
\pgf@nodesepend=\dimen188
)
(/usr/share/texlive/texmf-dist/tex/latex/pgf/compatibility/pgfcomp-version-1-18
.sty
Package: pgfcomp-version-1-18 2021/05/15 v3.1.9a (3.1.9a)
)) (/usr/share/texlive/texmf-dist/tex/latex/pgf/utilities/pgffor.sty
(/usr/share/texlive/texmf-dist/tex/latex/pgf/utilities/pgfkeys.sty
(/usr/share/texlive/texmf-dist/tex/generic/pgf/utilities/pgfkeys.code.tex))
(/usr/share/texlive/texmf-dist/tex/latex/pgf/math/pgfmath.sty
(/usr/share/texlive/texmf-dist/tex/generic/pgf/math/pgfmath.code.tex))
(/usr/share/texlive/texmf-dist/tex/generic/pgf/utilities/pgffor.code.tex
Package: pgffor 2021/05/15 v3.1.9a (3.1.9a)

(/usr/share/texlive/texmf-dist/tex/generic/pgf/math/pgfmath.code.tex)
\pgffor@iter=\dimen189
\pgffor@skip=\dimen190
\pgffor@stack=\toks31
\pgffor@toks=\toks32
))
(/usr/share/texlive/texmf-dist/tex/generic/pgf/frontendlayer/tikz/tikz.code.tex
Package: tikz 2021/05/15 v3.1.9a (3.1.9a)

(/usr/share/texlive/texmf-dist/tex/generic/pgf/libraries/pgflibraryplothandlers
.code.tex
File: pgflibraryplothandlers.code.tex 2021/05/15 v3.1.9a (3.1.9a)
\pgf@plot@mark@count=\count273
\pgfplotmarksize=\dimen191
)
\tikz@lastx=\dimen192
\tikz@lasty=\dimen193
\tikz@lastxsaved=\dimen194
\tikz@lastysaved=\dimen195
\tikz@lastmovetox=\dimen196
\tikz@lastmovetoy=\dimen197
\tikzleveldistance=\dimen198
\tikzsiblingdistance=\dimen199
\tikz@figbox=\box58
\tikz@figbox@bg=\box59
\tikz@tempbox=\box60
\tikz@tempbox@bg=\box61
\tikztreelevel=\count274
\tikznumberofchildren=\count275
\tikznumberofcurrentchild=\count276
\tikz@fig@count=\count277

(/usr/share/texlive/texmf-dist/tex/generic/pgf/modules/pgfmodulematrix.code.tex
File: pgfmodulematrix.code.tex 2021/05/15 v3.1.9a (3.1.9a)
\pgfmatrixcurrentrow=\count278
\pgfmatrixcurrentcolumn=\count279
\pgf@matrix@numberofcolumns=\count280
)
\tikz@expandcount=\count281

(/usr/share/texlive/texmf-dist/tex/generic/pgf/frontendlayer/tikz/libraries/tik
zlibrarytopaths.code.tex
File: tikzlibrarytopaths.code.tex 2021/05/15 v3.1.9a (3.1.9a)
)))
(/usr/share/texlive/texmf-dist/tex/latex/changepage/changepage.sty
Package: changepage 2009/10/20 v1.0c check page and change page layout
\c@cp@cntr=\count282
\cp@tempcnt=\count283
)
(/usr/share/texlive/texmf-dist/tex/latex/float/float.sty
Package: float 2001/11/08 v1.3d Float enhancements (AL)
\c@float@type=\count284
\float@exts=\toks33
\float@box=\box62
\@float@everytoks=\toks34
\@floatcapt=\box63
)
(/usr/share/texlive/texmf-dist/tex/latex/lipsum/lipsum.sty
(/usr/share/texlive/texmf-dist/tex/latex/l3packages/l3keys2e/l3keys2e.sty
(/usr/share/texlive/texmf-dist/tex/latex/l3kernel/expl3.sty
Package: expl3 2022-01-21 L3 programming layer (loader) 

(/usr/share/texlive/texmf-dist/tex/latex/l3backend/l3backend-luatex.def
File: l3backend-luatex.def 2022-01-12 L3 backend support: PDF output (LuaTeX)
\l__color_backend_stack_int=\count285
\l__pdf_internal_box=\box64
))
Package: l3keys2e 2022-01-12 LaTeX2e option processing using LaTeX3 keys
)
Package: lipsum 2021-09-20 v2.7 150 paragraphs of Lorem Ipsum dummy text
\g__lipsum_par_int=\count286
\l__lipsum_a_int=\count287
\l__lipsum_b_int=\count288

(/usr/share/texlive/texmf-dist/tex/latex/lipsum/lipsum.ltd.tex))
(/usr/share/texlive/texmf-dist/tex/latex/hyperref/hyperref.sty
Package: hyperref 2021-06-07 v7.00m Hypertext links for LaTeX

(/usr/share/texlive/texmf-dist/tex/generic/ltxcmds/ltxcmds.sty
Package: ltxcmds 2020-05-10 v1.25 LaTeX kernel commands for general use (HO)
)
(/usr/share/texlive/texmf-dist/tex/generic/pdftexcmds/pdftexcmds.sty
Package: pdftexcmds 2020-06-27 v0.33 Utility functions of pdfTeX for LuaTeX (HO
)

(/usr/share/texlive/texmf-dist/tex/generic/infwarerr/infwarerr.sty
Package: infwarerr 2019/12/03 v1.5 Providing info/warning/error messages (HO)
)
Package pdftexcmds Info: \pdf@primitive is available.
Package pdftexcmds Info: \pdf@ifprimitive is available.
Package pdftexcmds Info: \pdfdraftmode found.
\pdftexcmds@toks=\toks35
)
(/usr/share/texlive/texmf-dist/tex/generic/kvsetkeys/kvsetkeys.sty
Package: kvsetkeys 2019/12/15 v1.18 Key value parser (HO)
)
(/usr/share/texlive/texmf-dist/tex/generic/kvdefinekeys/kvdefinekeys.sty
Package: kvdefinekeys 2019-12-19 v1.6 Define keys (HO)
)
(/usr/share/texlive/texmf-dist/tex/generic/pdfescape/pdfescape.sty
Package: pdfescape 2019/12/09 v1.15 Implements pdfTeX's escape features (HO)
)
(/usr/share/texlive/texmf-dist/tex/latex/hycolor/hycolor.sty
Package: hycolor 2020-01-27 v1.10 Color options for hyperref/bookmark (HO)
)
(/usr/share/texlive/texmf-dist/tex/latex/letltxmacro/letltxmacro.sty
Package: letltxmacro 2019/12/03 v1.6 Let assignment for LaTeX macros (HO)
)
(/usr/share/texlive/texmf-dist/tex/latex/auxhook/auxhook.sty
Package: auxhook 2019-12-17 v1.6 Hooks for auxiliary files (HO)
)
(/usr/share/texlive/texmf-dist/tex/latex/kvoptions/kvoptions.sty
Package: kvoptions 2020-10-07 v3.14 Key value format for package options (HO)
)
\@linkdim=\dimen256
\Hy@linkcounter=\count289
\Hy@pagecounter=\count290

(/usr/share/texlive/texmf-dist/tex/latex/hyperref/pd1enc.def
File: pd1enc.def 2021-06-07 v7.00m Hyperref: PDFDocEncoding definition (HO)
)
(/usr/share/texlive/texmf-dist/tex/latex/hyperref/hyperref-langpatches.def
File: hyperref-langpatches.def 2021-06-07 v7.00m Hyperref: patches for babel la
nguages
)
(/usr/share/texlive/texmf-dist/tex/generic/intcalc/intcalc.sty
Package: intcalc 2019/12/15 v1.3 Expandable calculations with integers (HO)
)
(/usr/share/texlive/texmf-dist/tex/generic/etexcmds/etexcmds.sty
Package: etexcmds 2019/12/15 v1.7 Avoid name clashes with e-TeX commands (HO)
)
\Hy@SavedSpaceFactor=\count291

(/usr/share/texlive/texmf-dist/tex/latex/hyperref/puenc.def
File: puenc.def 2021-06-07 v7.00m Hyperref: PDF Unicode definition (HO)
)
Package hyperref Info: Hyper figures OFF on input line 4192.
Package hyperref Info: Link nesting OFF on input line 4197.
Package hyperref Info: Hyper index ON on input line 4200.
Package hyperref Info: Plain pages OFF on input line 4207.
Package hyperref Info: Backreferencing OFF on input line 4212.
Package hyperref Info: Implicit mode ON; LaTeX internals redefined.
Package hyperref Info: Bookmarks ON on input line 4445.
\c@Hy@tempcnt=\count292

(/usr/share/texlive/texmf-dist/tex/latex/url/url.sty
\Urlmuskip=\muskip16
Package: url 2013/09/16  ver 3.4  Verb mode for urls, etc.
)
LaTeX Info: Redefining \url on input line 4804.
\XeTeXLinkMargin=\dimen257

(/usr/share/texlive/texmf-dist/tex/generic/bitset/bitset.sty
Package: bitset 2019/12/09 v1.3 Handle bit-vector datatype (HO)

(/usr/share/texlive/texmf-dist/tex/generic/bigintcalc/bigintcalc.sty
Package: bigintcalc 2019/12/15 v1.5 Expandable calculations on big integers (HO
)
))
\Fld@menulength=\count293
\Field@Width=\dimen258
\Fld@charsize=\dimen259
Package hyperref Info: Hyper figures OFF on input line 6076.
Package hyperref Info: Link nesting OFF on input line 6081.
Package hyperref Info: Hyper index ON on input line 6084.
Package hyperref Info: backreferencing OFF on input line 6091.
Package hyperref Info: Link coloring OFF on input line 6096.
Package hyperref Info: Link coloring with OCG OFF on input line 6101.
Package hyperref Info: PDF/A mode OFF on input line 6106.
LaTeX Info: Redefining \ref on input line 6146.
LaTeX Info: Redefining \pageref on input line 6150.

(/usr/share/texlive/texmf-dist/tex/latex/base/atbegshi-ltx.sty
Package: atbegshi-ltx 2021/01/10 v1.0c Emulation of the original atbegshi
package with kernel methods
)
\Hy@abspage=\count294
\c@Item=\count295
\c@Hfootnote=\count296
)
Package hyperref Info: Driver (autodetected): hluatex.

(/usr/share/texlive/texmf-dist/tex/latex/hyperref/hluatex.def
File: hluatex.def 2021-06-07 v7.00m Hyperref driver for luaTeX

(/usr/share/texlive/texmf-dist/tex/generic/stringenc/stringenc.sty
Package: stringenc 2019/11/29 v1.12 Convert strings between diff. encodings (HO
)
)
(/usr/share/texlive/texmf-dist/tex/latex/base/atveryend-ltx.sty
Package: atveryend-ltx 2020/08/19 v1.0a Emulation of the original atveryend pac
kage
with kernel methods
)
\Fld@listcount=\count297
\c@bookmark@seq@number=\count298

(/usr/share/texlive/texmf-dist/tex/latex/rerunfilecheck/rerunfilecheck.sty
Package: rerunfilecheck 2019/12/05 v1.9 Rerun checks for auxiliary files (HO)

(/usr/share/texlive/texmf-dist/tex/generic/uniquecounter/uniquecounter.sty
Package: uniquecounter 2019/12/15 v1.4 Provide unlimited unique counter (HO)
)
Package uniquecounter Info: New unique counter `rerunfilecheck' on input line 2
86.
)
\Hy@SectionHShift=\skip58
)
(/usr/share/texlive/texmf-dist/tex/latex/caption/caption.sty
Package: caption 2020/10/26 v3.5g Customizing captions (AR)

(/usr/share/texlive/texmf-dist/tex/latex/caption/caption3.sty
Package: caption3 2020/10/21 v2.2e caption3 kernel (AR)
\captionmargin=\dimen260
\captionmargin@=\dimen261
\captionwidth=\dimen262
\caption@tempdima=\dimen263
\caption@indent=\dimen264
\caption@parindent=\dimen265
\caption@hangindent=\dimen266
Package caption Info: Standard document class detected.
)
\c@caption@flags=\count299
\c@continuedfloat=\count300
Package caption Info: changepage package is loaded.
\caption@adjustwidth@hsize=\dimen267
\caption@adjustwidth@linewidth=\dimen268
Package caption Info: float package is loaded.
Package caption Info: hyperref package is loaded.
Package caption Info: wrapfig package is loaded.
)
(/usr/share/texlive/texmf-dist/tex/latex/acro/acro.sty
Package: acro 2022/01/27 v3.7 typeset acronyms and other abbreviations (CN)
\g__acro_version_int=\count301
\l__acro_tmpa_int=\count302
\l__acro_tmpb_int=\count303
\l__acro_tmpc_int=\count304
\l__acro_tmpd_int=\count305
Loading module `base' ...
Loading module `interface' ...
Loading module `aux' ...
Loading module `properties' ...
Loading module `acronyms' ...
Loading module `formatting' ...
Loading module `ppfixes' ...
Loading module `tools' ...
\l__acro_minimal_usage_int=\count306
\l__acro_nest_int=\count307
\g_acro_barrier_int=\count308
\g_acro_barrier_total_int=\count309
Loading module `commands' ...
Loading module `templates' ...
Loading module `list' ...
Loading module `pages' ...
\l__acro_pages_seq_threshold_int=\count310
Loading module `locale' ...

(/usr/share/texlive/texmf-dist/tex/latex/translations/translations.sty
Package: translations 2022/01/04 v1.11 internationalization of LaTeX2e packages
 (CN)

(/usr/share/texlive/texmf-dist/tex/latex/etoolbox/etoolbox.sty
Package: etoolbox 2020/10/05 v2.5k e-TeX tools for LaTeX (JAW)
\etb@tempcnta=\count311
))
Loading module `pdfsupport' ...
Loading module `patch' ...
Loading module `definitions' ...
Loading module `upgrade' ...
)
(/usr/share/texlive/texmf-dist/tex/latex/natbib/natbib.sty
Package: natbib 2010/09/13 8.31b (PWD, AO)
\bibhang=\skip59
\bibsep=\skip60
LaTeX Info: Redefining \cite on input line 694.
\c@NAT@ctr=\count312
)
(/usr/share/texlive/texmf-dist/tex/generic/babel/babel.sty
Package: babel 2022/01/26 3.70 The Babel package

(/usr/share/texlive/texmf-dist/tex/generic/babel/luababel.def
\bbl@readstream=\read3
\l@dumylang=\language2
Package babel Info: Non-standard hyphenation setup on input line 118.
\l@nohyphenation=\language3
\l@greek=\language4
\l@ancientgreek=\language5
\l@monogreek=\language6
\l@basque=\language7
\l@french=\language8
\l@ibycus=\language9
\babelcatcodetablenum=\catcodetable12
\bbl@pattcodes=\catcodetable13
)
\babel@savecnt=\count313
\U@D=\dimen269
\l@unhyphenated=\language10

(/usr/share/texlive/texmf-dist/tex/generic/babel/luababel.def
\bbl@attr@locale=\attribute5
)
(/usr/share/texlive/texmf-dist/tex/generic/babel-french/french.ldf
Language: french 2021/07/20 v3.5m French support from the babel system
Package babel Info: Hyphen rules for 'acadian' set to \l@french
(babel)             (\language8). Reported on input line 91.
Package babel Info: Hyphen rules for 'canadien' set to \l@french
(babel)             (\language8). Reported on input line 92.
\FB@nonchar=\count314
\FB@spacing=\attribute6
\FB@addDPspace=\attribute7
\FB@addGUILspace=\attribute8
\FB@ucsNBSP=\attribute9
\FB@dialect=\attribute10
Package french.ldf Info: No need for active punctuation characters
(french.ldf)             with this version of LuaTeX!
(french.ldf)             reported on input line 254.
\FBguill@level=\count315
\FBold@everypar=\toks36
\FB@Mht=\dimen270
\mc@charclass=\count316
\mc@charfam=\count317
\mc@charslot=\count318
\std@mcc=\count319
\dec@mcc=\count320
Inserting `frenchb.french_punctuation' at position 1 in `kerning'.
\listindentFB=\dimen271
\descindentFB=\dimen272
\labelindentFB=\dimen273
\labelwidthFB=\dimen274
\leftmarginFB=\dimen275
\parindentFFN=\dimen276
\FBfnindent=\dimen277

(/usr/share/texlive/texmf-dist/tex/generic/hyph-utf8/loadhyph/loadhyph-fr.tex
UTF-8 French hyphenation patterns
(/usr/share/texlive/texmf-dist/tex/generic/hyph-utf8/patterns/tex/hyph-fr.tex)
(/usr/share/texlive/texmf-dist/tex/generic/hyph-utf8/patterns/quote/hyph-quote-
fr.tex)))) (/usr/share/texlive/texmf-dist/tex/latex/carlisle/scalefnt.sty)
(/usr/share/texlive/texmf-dist/tex/latex/setspace/setspace.sty
Package: setspace 2011/12/19 v6.7a set line spacing
)
(/usr/share/texlive/texmf-dist/tex/latex/easyreview/easyReview.sty
Package: easyReview 2014/06/27 Package for Easy Review on LaTeX documents
Package: easyReview 2013/12/09 Package for Easy Review on LaTeX documents

(/usr/share/texlive/texmf-dist/tex/generic/soul/soul.sty
Package: soul 2003/11/17 v2.4 letterspacing/underlining (mf)
\SOUL@word=\toks37
\SOUL@lasttoken=\toks38
\SOUL@cmds=\toks39
\SOUL@buffer=\toks40
\SOUL@token=\toks41
\SOUL@spaceskip=\skip61
\SOUL@ttwidth=\dimen278
\SOUL@uldp=\dimen279
\SOUL@ulht=\dimen280
)
(/usr/share/texlive/texmf-dist/tex/latex/todonotes/todonotes.sty
Package: todonotes 2021/06/04 v1.1.5 Todonotes source and documentation.
Package: todonotes 2021/06/04

(/usr/share/texlive/texmf-dist/tex/latex/base/ifthen.sty
Package: ifthen 2020/11/24 v1.1c Standard LaTeX ifthen package (DPC)
)
(/usr/share/texlive/texmf-dist/tex/latex/xkeyval/xkeyval.sty
Package: xkeyval 2020/11/20 v2.8 package option processing (HA)

(/usr/share/texlive/texmf-dist/tex/generic/xkeyval/xkeyval.tex
(/usr/share/texlive/texmf-dist/tex/generic/xkeyval/xkvutils.tex
\XKV@toks=\toks42
\XKV@tempa@toks=\toks43
)
\XKV@depth=\count321
File: xkeyval.tex 2014/12/03 v2.7a key=value parser (HA)
))
(/usr/share/texlive/texmf-dist/tex/generic/pgf/frontendlayer/tikz/libraries/tik
zlibrarypositioning.code.tex
File: tikzlibrarypositioning.code.tex 2021/05/15 v3.1.9a (3.1.9a)
)
(/usr/share/texlive/texmf-dist/tex/latex/tools/calc.sty
Package: calc 2017/05/25 v4.3 Infix arithmetic (KKT,FJ)
\calc@Acount=\count322
\calc@Bcount=\count323
\calc@Adimen=\dimen281
\calc@Bdimen=\dimen282
\calc@Askip=\skip62
\calc@Bskip=\skip63
LaTeX Info: Redefining \setlength on input line 80.
LaTeX Info: Redefining \addtolength on input line 81.
\calc@Ccount=\count324
\calc@Cskip=\skip64
)
\c@@todonotes@numberoftodonotes=\count325
))
(/usr/share/texlive/texmf-dist/tex/generic/pgf/frontendlayer/tikz/libraries/tik
zlibraryshapes.geometric.code.tex
File: tikzlibraryshapes.geometric.code.tex 2021/05/15 v3.1.9a (3.1.9a)

(/usr/share/texlive/texmf-dist/tex/generic/pgf/libraries/shapes/pgflibraryshape
s.geometric.code.tex
File: pgflibraryshapes.geometric.code.tex 2021/05/15 v3.1.9a (3.1.9a)
))
(/usr/share/texlive/texmf-dist/tex/generic/pgf/frontendlayer/tikz/libraries/tik
zlibraryarrows.code.tex
File: tikzlibraryarrows.code.tex 2021/05/15 v3.1.9a (3.1.9a)

(/usr/share/texlive/texmf-dist/tex/generic/pgf/libraries/pgflibraryarrows.code.
tex
File: pgflibraryarrows.code.tex 2021/05/15 v3.1.9a (3.1.9a)
\arrowsize=\dimen283
)) (./main.aux)
\openout1 = main.aux

LaTeX Font Info:    Checking defaults for OML/cmm/m/it on input line 34.
LaTeX Font Info:    ... okay on input line 34.
LaTeX Font Info:    Checking defaults for OMS/cmsy/m/n on input line 34.
LaTeX Font Info:    ... okay on input line 34.
LaTeX Font Info:    Checking defaults for OT1/cmr/m/n on input line 34.
LaTeX Font Info:    ... okay on input line 34.
LaTeX Font Info:    Checking defaults for T1/cmr/m/n on input line 34.
LaTeX Font Info:    ... okay on input line 34.
LaTeX Font Info:    Checking defaults for TS1/cmr/m/n on input line 34.
LaTeX Font Info:    Trying to load font information for TS1+cmr on input line 3
4.
 (/usr/share/texlive/texmf-dist/tex/latex/base/ts1cmr.fd
File: ts1cmr.fd 2019/12/16 v2.5j Standard LaTeX font definitions
)
LaTeX Font Info:    ... okay on input line 34.
LaTeX Font Info:    Checking defaults for TU/lmr/m/n on input line 34.
LaTeX Font Info:    ... okay on input line 34.
LaTeX Font Info:    Checking defaults for OMX/cmex/m/n on input line 34.
LaTeX Font Info:    ... okay on input line 34.
LaTeX Font Info:    Checking defaults for U/cmr/m/n on input line 34.
LaTeX Font Info:    ... okay on input line 34.
LaTeX Font Info:    Checking defaults for PD1/pdf/m/n on input line 34.
LaTeX Font Info:    ... okay on input line 34.
LaTeX Font Info:    Checking defaults for PU/pdf/m/n on input line 34.
LaTeX Font Info:    ... okay on input line 34.

*geometry* driver: auto-detecting
*geometry* detected driver: luatex
*geometry* verbose mode - [ preamble ] result:
* driver: luatex
* paper: a4paper
* layout: <same size as paper>
* layoutoffset:(h,v)=(0.0pt,0.0pt)
* modes: includefoot 
* h-part:(L,W,R)=(56.9055pt, 497.92325pt, 42.67912pt)
* v-part:(T,H,B)=(56.9055pt, 702.78308pt, 85.35826pt)
* \paperwidth=597.50787pt
* \paperheight=845.04684pt
* \textwidth=497.92325pt
* \textheight=672.78308pt
* \oddsidemargin=-15.36449pt
* \evensidemargin=-15.36449pt
* \topmargin=-52.36449pt
* \headheight=12.0pt
* \headsep=25.0pt
* \topskip=12.0pt
* \footskip=30.0pt
* \marginparwidth=35.0pt
* \marginparsep=10.0pt
* \columnsep=10.0pt
* \skip\footins=10.8pt plus 4.0pt minus 2.0pt
* \hoffset=0.0pt
* \voffset=0.0pt
* \mag=1000
* \@twocolumnfalse
* \@twosidefalse
* \@mparswitchfalse
* \@reversemarginfalse
* (1in=72.27pt=25.4mm, 1cm=28.453pt)

(/usr/share/texlive/texmf-dist/tex/context/base/mkii/supp-pdf.mkii
[Loading MPS to PDF converter (version 2006.09.02).]
\scratchcounter=\count326
\scratchdimen=\dimen284
\scratchbox=\box65
\nofMPsegments=\count327
\nofMParguments=\count328
\everyMPshowfont=\toks44
\MPscratchCnt=\count329
\MPscratchDim=\dimen285
\MPnumerator=\count330
\makeMPintoPDFobject=\count331
\everyMPtoPDFconversion=\toks45
) (/usr/share/texlive/texmf-dist/tex/latex/epstopdf-pkg/epstopdf-base.sty
Package: epstopdf-base 2020-01-24 v2.11 Base part for package epstopdf
Package epstopdf-base Info: Redefining graphics rule for `.eps' on input line 4
85.

(/usr/share/texlive/texmf-dist/tex/latex/latexconfig/epstopdf-sys.cfg
File: epstopdf-sys.cfg 2010/07/13 v1.3 Configuration of (r)epstopdf for TeX Liv
e
))
Package hyperref Info: Link coloring OFF on input line 34.

(/usr/share/texlive/texmf-dist/tex/latex/hyperref/nameref.sty
Package: nameref 2021-04-02 v2.47 Cross-referencing by name of section

(/usr/share/texlive/texmf-dist/tex/latex/refcount/refcount.sty
Package: refcount 2019/12/15 v3.6 Data extraction from label references (HO)
)
(/usr/share/texlive/texmf-dist/tex/generic/gettitlestring/gettitlestring.sty
Package: gettitlestring 2019/12/15 v1.6 Cleanup title references (HO)
)
\c@section@level=\count332
)
LaTeX Info: Redefining \ref on input line 34.
LaTeX Info: Redefining \pageref on input line 34.
LaTeX Info: Redefining \nameref on input line 34.

(./main.out) (./main.out)
\@outlinefile=\write4

\openout4 = main.out
Package caption Info: Begin \AtBeginDocument code.
Package caption Info: french babel package is loaded.
Package caption Info: End \AtBeginDocument code.

(/usr/share/texlive/texmf-dist/tex/latex/translations/translations-basic-dictio
nary-french.trsl
File: translations-basic-dictionary-french.trsl (french translation file `trans
lations-basic-dictionary')
)
Package translations Info: loading dictionary `translations-basic-dictionary' f
or `french'. on input line 34.
LaTeX Info: Redefining \degres on input line 34.
LaTeX Info: Redefining \up on input line 34.


Package todonotes Warning: The length marginparwidth is less than 2cm and will 
most likely cause issues with the appearance of inserted todonotes. The issue c
an be solved by adding a line like \setlength {\marginparwidth }{2cm} prior to 
loading the todonotes package. on input line 34.

*geometry* verbose mode - [ newgeometry ] result:
* driver: luatex
* paper: a4paper
* layout: <same size as paper>
* layoutoffset:(h,v)=(0.0pt,0.0pt)
* modes: includefoot 
* h-part:(L,W,R)=(14.22636pt, 569.05515pt, 14.22636pt)
* v-part:(T,H,B)=(14.22636pt, 830.82048pt, 0.0pt)
* \paperwidth=597.50787pt
* \paperheight=845.04684pt
* \textwidth=569.05515pt
* \textheight=800.82048pt
* \oddsidemargin=-58.04362pt
* \evensidemargin=-58.04362pt
* \topmargin=-95.04362pt
* \headheight=12.0pt
* \headsep=25.0pt
* \topskip=12.0pt
* \footskip=30.0pt
* \marginparwidth=35.0pt
* \marginparsep=10.0pt
* \columnsep=10.0pt
* \skip\footins=10.8pt plus 4.0pt minus 2.0pt
* \hoffset=0.0pt
* \voffset=0.0pt
* \mag=1000
* \@twocolumnfalse
* \@twosidefalse
* \@mparswitchfalse
* \@reversemarginfalse
* (1in=72.27pt=25.4mm, 1cm=28.453pt)

<./IMAGES/Logo/LUSAC.png, id=208, 130.4875pt x 130.4875pt>
File: ./IMAGES/Logo/LUSAC.png Graphic file (type png)
<use ./IMAGES/Logo/LUSAC.png>
Package luatex.def Info: ./IMAGES/Logo/LUSAC.png  used on input line 37.
(luatex.def)             Requested size: 56.90898pt x 56.90894pt.
<./IMAGES/Logo/INTECH.png, id=209, 273.02pt x 121.45375pt>
File: ./IMAGES/Logo/INTECH.png Graphic file (type png)
<use ./IMAGES/Logo/INTECH.png>
Package luatex.def Info: ./IMAGES/Logo/INTECH.png  used on input line 37.
(luatex.def)             Requested size: 113.80928pt x 50.62845pt.

Underfull \hbox (badness 10000) in paragraph at lines 37--39

 []

LaTeX Font Info:    External font `cmex10' loaded for size
(Font)              <12> on input line 52.
LaTeX Font Info:    External font `cmex10' loaded for size
(Font)              <8> on input line 52.
LaTeX Font Info:    External font `cmex10' loaded for size
(Font)              <6> on input line 52.
<./IMAGES/Logo/QCROCO.png, id=210, 54.9252pt x 49.6254pt>
File: ./IMAGES/Logo/QCROCO.png Graphic file (type png)
<use ./IMAGES/Logo/QCROCO.png>
Package luatex.def Info: ./IMAGES/Logo/QCROCO.png  used on input line 56.
(luatex.def)             Requested size: 113.80928pt x 102.83293pt.
<./IMAGES/Logo/telephone.png, id=211, 53.60025pt x 36.73724pt>
File: ./IMAGES/Logo/telephone.png Graphic file (type png)
<use ./IMAGES/Logo/telephone.png>
Package luatex.def Info: ./IMAGES/Logo/telephone.png  used on input line 71.
(luatex.def)             Requested size: 17.07095pt x 11.70009pt.
[1


{/var/lib/texmf/fonts/map/pdftex/updmap/pdftex.map}
Missing character: There is no – (U+2013) in font ec-lmr12!
Missing character: There is no – (U+2013) in font ec-lmr12!
<./IMAGES/Logo/LUSAC.png><./IMAGES/Logo/INTECH.png><./IMAGES/Logo/QCROCO.png><./
IMAGES/Logo/telephone.png>]
File: ./IMAGES/Logo/LUSAC.png Graphic file (type png)
<use ./IMAGES/Logo/LUSAC.png>
Package luatex.def Info: ./IMAGES/Logo/LUSAC.png  used on input line 79.
(luatex.def)             Requested size: 49.79535pt x 49.79482pt.
File: ./IMAGES/Logo/INTECH.png Graphic file (type png)
<use ./IMAGES/Logo/INTECH.png>
Package luatex.def Info: ./IMAGES/Logo/INTECH.png  used on input line 79.
(luatex.def)             Requested size: 99.58313pt x 44.29965pt.


LaTeX Font Warning: Font shape `T1/lmr/bx/sc' undefined
(Font)              using `T1/lmr/bx/n' instead on input line 102.


warning  (pdf backend): ignoring duplicate destination with the name 'page.1'
[1] [1] (./Remerciement/remerciement.tex)
warning  (pdf backend): ignoring duplicate destination with the name 'page.i'
[1] (./main.toc
LaTeX Font Info:    Trying to load font information for T1+lmtt on input line 3
3.
 (/usr/share/texmf/tex/latex/lm/t1lmtt.fd
File: t1lmtt.fd 2009/10/30 v1.6 Font defs for Latin Modern
)
File: ./IMAGES/Logo/LUSAC.png Graphic file (type png)
<use ./IMAGES/Logo/LUSAC.png>
Package luatex.def Info: ./IMAGES/Logo/LUSAC.png  used on input line 61.
(luatex.def)             Requested size: 49.79535pt x 49.79482pt.
File: ./IMAGES/Logo/INTECH.png Graphic file (type png)
<use ./IMAGES/Logo/INTECH.png>
Package luatex.def Info: ./IMAGES/Logo/INTECH.png  used on input line 61.
(luatex.def)             Requested size: 99.58313pt x 44.29965pt.
 [2

])
\tf@toc=\write5

\openout5 = main.toc
 [3] (./main.lof
[4

])
\tf@lof=\write6

\openout6 = main.lof
File: ./IMAGES/Logo/LUSAC.png Graphic file (type png)
<use ./IMAGES/Logo/LUSAC.png>
Package luatex.def Info: ./IMAGES/Logo/LUSAC.png  used on input line 139.
(luatex.def)             Requested size: 49.79535pt x 49.79482pt.
File: ./IMAGES/Logo/INTECH.png Graphic file (type png)
<use ./IMAGES/Logo/INTECH.png>
Package luatex.def Info: ./IMAGES/Logo/INTECH.png  used on input line 139.
(luatex.def)             Requested size: 99.58313pt x 44.29965pt.
 [5] (./chapitre/prsentreprise.tex
Underfull \hbox (badness 10000) in paragraph at lines 76--77

 []

<./IMAGES/Logo/LUSACB.png, id=407, 807.015pt x 404.51125pt>
File: ./IMAGES/Logo/LUSACB.png Graphic file (type png)
<use ./IMAGES/Logo/LUSACB.png>
Package luatex.def Info: ./IMAGES/Logo/LUSACB.png  used on input line 80.
(luatex.def)             Requested size: 497.92325pt x 249.5846pt.
File: ./IMAGES/Logo/LUSAC.png Graphic file (type png)
<use ./IMAGES/Logo/LUSAC.png>
Package luatex.def Info: ./IMAGES/Logo/LUSAC.png  used on input line 92.
(luatex.def)             Requested size: 49.79535pt x 49.79482pt.
File: ./IMAGES/Logo/INTECH.png Graphic file (type png)
<use ./IMAGES/Logo/INTECH.png>
Package luatex.def Info: ./IMAGES/Logo/INTECH.png  used on input line 92.
(luatex.def)             Requested size: 99.58313pt x 44.29965pt.

warning  (pdf backend): ignoring duplicate destination with the name 'page.1'
[1

<./IMAGES/Logo/LUSACB.png>]
Underfull \hbox (badness 10000) in paragraph at lines 92--93

 []


Underfull \hbox (badness 10000) in paragraph at lines 105--106

 []

<./IMAGES/Logo/INtechmer.jpg, id=419, 231.264pt x 154.176pt>
File: ./IMAGES/Logo/INtechmer.jpg Graphic file (type jpg)
<use ./IMAGES/Logo/INtechmer.jpg>
Package luatex.def Info: ./IMAGES/Logo/INtechmer.jpg  used on input line 119.
(luatex.def)             Requested size: 346.89514pt x 231.2634pt.
File: ./IMAGES/Logo/LUSAC.png Graphic file (type png)
<use ./IMAGES/Logo/LUSAC.png>
Package luatex.def Info: ./IMAGES/Logo/LUSAC.png  used on input line 124.
(luatex.def)             Requested size: 49.79535pt x 49.79482pt.
File: ./IMAGES/Logo/INTECH.png Graphic file (type png)
<use ./IMAGES/Logo/INTECH.png>
Package luatex.def Info: ./IMAGES/Logo/INTECH.png  used on input line 124.
(luatex.def)             Requested size: 99.58313pt x 44.29965pt.
[2]
Underfull \hbox (badness 10000) in paragraph at lines 125--126

 []

<./IMAGES/histostage02.png, id=431, 543.2295pt x 754.4185pt>
File: ./IMAGES/histostage02.png Graphic file (type png)
<use ./IMAGES/histostage02.png>
Package luatex.def Info: ./IMAGES/histostage02.png  used on input line 133.
(luatex.def)             Requested size: 484.4674pt x 672.78308pt.
)
File: ./IMAGES/Logo/LUSAC.png Graphic file (type png)
<use ./IMAGES/Logo/LUSAC.png>
Package luatex.def Info: ./IMAGES/Logo/LUSAC.png  used on input line 150.
(luatex.def)             Requested size: 49.79535pt x 49.79482pt.
File: ./IMAGES/Logo/INTECH.png Graphic file (type png)
<use ./IMAGES/Logo/INTECH.png>
Package luatex.def Info: ./IMAGES/Logo/INTECH.png  used on input line 150.
(luatex.def)             Requested size: 99.58313pt x 44.29965pt.
 [3<./IMAGES/Logo/INtechmer.jpg>]
Overfull \vbox (23.59999pt too high) has occurred while \output is active []

File: ./IMAGES/Logo/LUSAC.png Graphic file (type png)
<use ./IMAGES/Logo/LUSAC.png>
Package luatex.def Info: ./IMAGES/Logo/LUSAC.png  used on input line 150.
(luatex.def)             Requested size: 49.79535pt x 49.79482pt.
File: ./IMAGES/Logo/INTECH.png Graphic file (type png)
<use ./IMAGES/Logo/INTECH.png>
Package luatex.def Info: ./IMAGES/Logo/INTECH.png  used on input line 150.
(luatex.def)             Requested size: 99.58313pt x 44.29965pt.

[4<./IMAGES/histostage02.png>] (./Introduction/introduction.tex
Underfull \hbox (badness 10000) in paragraph at lines 4--5

 []


Underfull \hbox (badness 10000) in paragraph at lines 8--9

 []


Underfull \hbox (badness 10000) in paragraph at lines 10--11

 []


Underfull \hbox (badness 10000) in paragraph at lines 16--17

 []

File: ./IMAGES/Logo/LUSAC.png Graphic file (type png)
<use ./IMAGES/Logo/LUSAC.png>
Package luatex.def Info: ./IMAGES/Logo/LUSAC.png  used on input line 17.
(luatex.def)             Requested size: 49.79535pt x 49.79482pt.
File: ./IMAGES/Logo/INTECH.png Graphic file (type png)
<use ./IMAGES/Logo/INTECH.png>
Package luatex.def Info: ./IMAGES/Logo/INTECH.png  used on input line 17.
(luatex.def)             Requested size: 99.58313pt x 44.29965pt.
[5])
File: ./IMAGES/Logo/LUSAC.png Graphic file (type png)
<use ./IMAGES/Logo/LUSAC.png>
Package luatex.def Info: ./IMAGES/Logo/LUSAC.png  used on input line 156.
(luatex.def)             Requested size: 49.79535pt x 49.79482pt.
File: ./IMAGES/Logo/INTECH.png Graphic file (type png)
<use ./IMAGES/Logo/INTECH.png>
Package luatex.def Info: ./IMAGES/Logo/INTECH.png  used on input line 156.
(luatex.def)             Requested size: 99.58313pt x 44.29965pt.
 [6] (./chapitre/Problem.tex
File: ./IMAGES/Logo/LUSAC.png Graphic file (type png)
<use ./IMAGES/Logo/LUSAC.png>
Package luatex.def Info: ./IMAGES/Logo/LUSAC.png  used on input line 24.
(luatex.def)             Requested size: 49.79535pt x 49.79482pt.
File: ./IMAGES/Logo/INTECH.png Graphic file (type png)
<use ./IMAGES/Logo/INTECH.png>
Package luatex.def Info: ./IMAGES/Logo/INTECH.png  used on input line 24.
(luatex.def)             Requested size: 99.58313pt x 44.29965pt.
 [7]
<./IMAGES/Logo/croco.png, id=474, 932.73468pt x 246.1697pt>
File: ./IMAGES/Logo/croco.png Graphic file (type png)
<use ./IMAGES/Logo/croco.png>
Package luatex.def Info: ./IMAGES/Logo/croco.png  used on input line 27.
(luatex.def)             Requested size: 273.83073pt x 72.26999pt.

Underfull \hbox (badness 10000) in paragraph at lines 35--36

 []


Underfull \hbox (badness 10000) in paragraph at lines 39--40

 []

File: ./IMAGES/Logo/LUSAC.png Graphic file (type png)
<use ./IMAGES/Logo/LUSAC.png>
Package luatex.def Info: ./IMAGES/Logo/LUSAC.png  used on input line 42.
(luatex.def)             Requested size: 49.79535pt x 49.79482pt.
File: ./IMAGES/Logo/INTECH.png Graphic file (type png)
<use ./IMAGES/Logo/INTECH.png>
Package luatex.def Info: ./IMAGES/Logo/INTECH.png  used on input line 42.
(luatex.def)             Requested size: 99.58313pt x 44.29965pt.
[8<./IMAGES/Logo/croco.png>]
<./IMAGES/ExG.png, id=501, 820.06375pt x 269.005pt>
File: ./IMAGES/ExG.png Graphic file (type png)
<use ./IMAGES/ExG.png>
Package luatex.def Info: ./IMAGES/ExG.png  used on input line 47.
(luatex.def)             Requested size: 497.92325pt x 163.33754pt.

Underfull \hbox (badness 10000) in paragraph at lines 52--53

 []


Underfull \hbox (badness 10000) in paragraph at lines 56--57

 []

<./IMAGES/Gridexpl.png, id=504, 611.28375pt x 223.83624pt>
File: ./IMAGES/Gridexpl.png Graphic file (type png)
<use ./IMAGES/Gridexpl.png>
Package luatex.def Info: ./IMAGES/Gridexpl.png  used on input line 62.
(luatex.def)             Requested size: 497.92325pt x 182.32416pt.
File: ./IMAGES/Logo/LUSAC.png Graphic file (type png)
<use ./IMAGES/Logo/LUSAC.png>
Package luatex.def Info: ./IMAGES/Logo/LUSAC.png  used on input line 66.
(luatex.def)             Requested size: 49.79535pt x 49.79482pt.
File: ./IMAGES/Logo/INTECH.png Graphic file (type png)
<use ./IMAGES/Logo/INTECH.png>
Package luatex.def Info: ./IMAGES/Logo/INTECH.png  used on input line 66.
(luatex.def)             Requested size: 99.58313pt x 44.29965pt.
[9<./IMAGES/ExG.png>]
Underfull \hbox (badness 10000) in paragraph at lines 67--68

 []


Underfull \hbox (badness 10000) in paragraph at lines 69--70

 []

File: ./IMAGES/Logo/LUSAC.png Graphic file (type png)
<use ./IMAGES/Logo/LUSAC.png>
Package luatex.def Info: ./IMAGES/Logo/LUSAC.png  used on input line 80.
(luatex.def)             Requested size: 49.79535pt x 49.79482pt.
File: ./IMAGES/Logo/INTECH.png Graphic file (type png)
<use ./IMAGES/Logo/INTECH.png>
Package luatex.def Info: ./IMAGES/Logo/INTECH.png  used on input line 80.
(luatex.def)             Requested size: 99.58313pt x 44.29965pt.
[10<./IMAGES/Gridexpl.png>]
<./IMAGES/harmonique.png, id=527, 719.68875pt x 751.80875pt>
File: ./IMAGES/harmonique.png Graphic file (type png)
<use ./IMAGES/harmonique.png>
Package luatex.def Info: ./IMAGES/harmonique.png  used on input line 83.
(luatex.def)             Requested size: 497.92325pt x 520.1596pt.
File: ./IMAGES/Logo/LUSAC.png Graphic file (type png)
<use ./IMAGES/Logo/LUSAC.png>
Package luatex.def Info: ./IMAGES/Logo/LUSAC.png  used on input line 89.
(luatex.def)             Requested size: 49.79535pt x 49.79482pt.
File: ./IMAGES/Logo/INTECH.png Graphic file (type png)
<use ./IMAGES/Logo/INTECH.png>
Package luatex.def Info: ./IMAGES/Logo/INTECH.png  used on input line 89.
(luatex.def)             Requested size: 99.58313pt x 44.29965pt.
 [11<./IMAGES/harmonique.png>]
Underfull \hbox (badness 10000) in paragraph at lines 99--100

 []


Underfull \hbox (badness 10000) in paragraph at lines 107--108

 []

<./IMAGES/Logo/Qgis.png, id=548, 1004.75375pt x 480.79625pt>
File: ./IMAGES/Logo/Qgis.png Graphic file (type png)
<use ./IMAGES/Logo/Qgis.png>
Package luatex.def Info: ./IMAGES/Logo/Qgis.png  used on input line 112.
(luatex.def)             Requested size: 151.02852pt x 72.26999pt.
File: ./IMAGES/Logo/LUSAC.png Graphic file (type png)
<use ./IMAGES/Logo/LUSAC.png>
Package luatex.def Info: ./IMAGES/Logo/LUSAC.png  used on input line 116.
(luatex.def)             Requested size: 49.79535pt x 49.79482pt.
File: ./IMAGES/Logo/INTECH.png Graphic file (type png)
<use ./IMAGES/Logo/INTECH.png>
Package luatex.def Info: ./IMAGES/Logo/INTECH.png  used on input line 116.
(luatex.def)             Requested size: 99.58313pt x 44.29965pt.
[12]
Underfull \hbox (badness 10000) in paragraph at lines 121--122

 []


Underfull \hbox (badness 10000) in paragraph at lines 123--124

 []

File: ./IMAGES/Logo/QCROCO.png Graphic file (type png)
<use ./IMAGES/Logo/QCROCO.png>
Package luatex.def Info: ./IMAGES/Logo/QCROCO.png  used on input line 132.
(luatex.def)             Requested size: 79.98811pt x 72.26999pt.
File: ./IMAGES/Logo/LUSAC.png Graphic file (type png)
<use ./IMAGES/Logo/LUSAC.png>
Package luatex.def Info: ./IMAGES/Logo/LUSAC.png  used on input line 138.
(luatex.def)             Requested size: 49.79535pt x 49.79482pt.
File: ./IMAGES/Logo/INTECH.png Graphic file (type png)
<use ./IMAGES/Logo/INTECH.png>
Package luatex.def Info: ./IMAGES/Logo/INTECH.png  used on input line 138.
(luatex.def)             Requested size: 99.58313pt x 44.29965pt.
[13<./IMAGES/Logo/qgis.png>]
<./IMAGES/capqcroco.png, id=567, 1278.7775pt x 513.92pt>
File: ./IMAGES/capqcroco.png Graphic file (type png)
<use ./IMAGES/capqcroco.png>
Package luatex.def Info: ./IMAGES/capqcroco.png  used on input line 142.
(luatex.def)             Requested size: 497.92325pt x 200.10648pt.
File: ./IMAGES/Logo/LUSAC.png Graphic file (type png)
<use ./IMAGES/Logo/LUSAC.png>
Package luatex.def Info: ./IMAGES/Logo/LUSAC.png  used on input line 149.
(luatex.def)             Requested size: 49.79535pt x 49.79482pt.
File: ./IMAGES/Logo/INTECH.png Graphic file (type png)
<use ./IMAGES/Logo/INTECH.png>
Package luatex.def Info: ./IMAGES/Logo/INTECH.png  used on input line 149.
(luatex.def)             Requested size: 99.58313pt x 44.29965pt.
 [14<./IMAGES/capqcroco.png>]
<./IMAGES/Cheminement.png, id=573, 338.76563pt x 546.54187pt>
File: ./IMAGES/Cheminement.png Graphic file (type png)
<use ./IMAGES/Cheminement.png>
Package luatex.def Info: ./IMAGES/Cheminement.png  used on input line 152.
(luatex.def)             Requested size: 358.38684pt x 578.15999pt.
)
File: ./IMAGES/Logo/LUSAC.png Graphic file (type png)
<use ./IMAGES/Logo/LUSAC.png>
Package luatex.def Info: ./IMAGES/Logo/LUSAC.png  used on input line 161.
(luatex.def)             Requested size: 49.79535pt x 49.79482pt.
File: ./IMAGES/Logo/INTECH.png Graphic file (type png)
<use ./IMAGES/Logo/INTECH.png>
Package luatex.def Info: ./IMAGES/Logo/INTECH.png  used on input line 161.
(luatex.def)             Requested size: 99.58313pt x 44.29965pt.
 [15<./IMAGES/cheminement.png>] (./chapitre/Implementation.tex
Underfull \hbox (badness 10000) in paragraph at lines 3--4

 []


Underfull \hbox (badness 10000) in paragraph at lines 5--6

 []


Underfull \hbox (badness 10000) in paragraph at lines 9--10

 []


Underfull \hbox (badness 10000) in paragraph at lines 11--12

 []

File: ./IMAGES/Logo/LUSAC.png Graphic file (type png)
<use ./IMAGES/Logo/LUSAC.png>
Package luatex.def Info: ./IMAGES/Logo/LUSAC.png  used on input line 18.
(luatex.def)             Requested size: 49.79535pt x 49.79482pt.
File: ./IMAGES/Logo/INTECH.png Graphic file (type png)
<use ./IMAGES/Logo/INTECH.png>
Package luatex.def Info: ./IMAGES/Logo/INTECH.png  used on input line 18.
(luatex.def)             Requested size: 99.58313pt x 44.29965pt.
[16]
Underfull \hbox (badness 10000) in paragraph at lines 23--24

 []

<./IMAGES/diagG.png, id=594, 676.929pt x 339.669pt>
File: ./IMAGES/diagG.png Graphic file (type png)
<use ./IMAGES/diagG.png>
Package luatex.def Info: ./IMAGES/diagG.png  used on input line 30.
(luatex.def)             Requested size: 432.09688pt x 216.81pt.
File: ./IMAGES/Logo/LUSAC.png Graphic file (type png)
<use ./IMAGES/Logo/LUSAC.png>
Package luatex.def Info: ./IMAGES/Logo/LUSAC.png  used on input line 36.
(luatex.def)             Requested size: 49.79535pt x 49.79482pt.
File: ./IMAGES/Logo/INTECH.png Graphic file (type png)
<use ./IMAGES/Logo/INTECH.png>
Package luatex.def Info: ./IMAGES/Logo/INTECH.png  used on input line 36.
(luatex.def)             Requested size: 99.58313pt x 44.29965pt.
[17<./IMAGES/diagG.png>]
Underfull \hbox (badness 10000) in paragraph at lines 39--40

 []


Underfull \hbox (badness 10000) in paragraph at lines 41--42

 []

LaTeX Font Info:    External font `cmex10' loaded for size
(Font)              <7> on input line 43.
LaTeX Font Info:    External font `cmex10' loaded for size
(Font)              <5> on input line 43.

Underfull \hbox (badness 10000) in paragraph at lines 43--44

 []


Underfull \hbox (badness 10000) in paragraph at lines 46--47

 []

File: ./IMAGES/Logo/LUSAC.png Graphic file (type png)
<use ./IMAGES/Logo/LUSAC.png>
Package luatex.def Info: ./IMAGES/Logo/LUSAC.png  used on input line 49.
(luatex.def)             Requested size: 49.79535pt x 49.79482pt.
File: ./IMAGES/Logo/INTECH.png Graphic file (type png)
<use ./IMAGES/Logo/INTECH.png>
Package luatex.def Info: ./IMAGES/Logo/INTECH.png  used on input line 49.
(luatex.def)             Requested size: 99.58313pt x 44.29965pt.
[18] (./chapitre/grid.tex
Overfull \hbox (21.77701pt too wide) in paragraph at lines 3--4
\T1/lmtt/m/n/12 gitlab.inria.fr/croco-[]ocean/croco_tools/-[]/blob/master/Prepro
cessing_tools/make_grid.
 []

<./IMAGES/figure13.png, id=634, 569.7285pt x 628.3475pt>
File: ./IMAGES/figure13.png Graphic file (type png)
<use ./IMAGES/figure13.png>
Package luatex.def Info: ./IMAGES/figure13.png  used on input line 7.
(luatex.def)             Requested size: 497.92325pt x 549.16032pt.

LaTeX Warning: `!h' float specifier changed to `!ht'.

File: ./IMAGES/Logo/LUSAC.png Graphic file (type png)
<use ./IMAGES/Logo/LUSAC.png>
Package luatex.def Info: ./IMAGES/Logo/LUSAC.png  used on input line 18.
(luatex.def)             Requested size: 49.79535pt x 49.79482pt.
File: ./IMAGES/Logo/INTECH.png Graphic file (type png)
<use ./IMAGES/Logo/INTECH.png>
Package luatex.def Info: ./IMAGES/Logo/INTECH.png  used on input line 18.
(luatex.def)             Requested size: 99.58313pt x 44.29965pt.
[19]
File: ./IMAGES/Logo/LUSAC.png Graphic file (type png)
<use ./IMAGES/Logo/LUSAC.png>
Package luatex.def Info: ./IMAGES/Logo/LUSAC.png  used on input line 22.
(luatex.def)             Requested size: 49.79535pt x 49.79482pt.
File: ./IMAGES/Logo/INTECH.png Graphic file (type png)
<use ./IMAGES/Logo/INTECH.png>
Package luatex.def Info: ./IMAGES/Logo/INTECH.png  used on input line 22.
(luatex.def)             Requested size: 99.58313pt x 44.29965pt.
 [20<./IMAGES/figure13.png>]
<./IMAGES/figure14.png, id=651, 554.82281pt x 261.97874pt>
File: ./IMAGES/figure14.png Graphic file (type png)
<use ./IMAGES/figure14.png>
Package luatex.def Info: ./IMAGES/figure14.png  used on input line 36.
(luatex.def)             Requested size: 306.1186pt x 144.54pt.
File: ./IMAGES/Logo/LUSAC.png Graphic file (type png)
<use ./IMAGES/Logo/LUSAC.png>
Package luatex.def Info: ./IMAGES/Logo/LUSAC.png  used on input line 44.
(luatex.def)             Requested size: 49.79535pt x 49.79482pt.
File: ./IMAGES/Logo/INTECH.png Graphic file (type png)
<use ./IMAGES/Logo/INTECH.png>
Package luatex.def Info: ./IMAGES/Logo/INTECH.png  used on input line 44.
(luatex.def)             Requested size: 99.58313pt x 44.29965pt.
 [21<./IMAGES/figure14.png>]
<./IMAGES/paramuser.png, id=662, 578.91281pt x 648.92438pt>
File: ./IMAGES/paramuser.png Graphic file (type png)
<use ./IMAGES/paramuser.png>
Package luatex.def Info: ./IMAGES/paramuser.png  used on input line 47.
(luatex.def)             Requested size: 322.36926pt x 361.34999pt.
File: ./IMAGES/Logo/LUSAC.png Graphic file (type png)
<use ./IMAGES/Logo/LUSAC.png>
Package luatex.def Info: ./IMAGES/Logo/LUSAC.png  used on input line 54.
(luatex.def)             Requested size: 49.79535pt x 49.79482pt.
File: ./IMAGES/Logo/INTECH.png Graphic file (type png)
<use ./IMAGES/Logo/INTECH.png>
Package luatex.def Info: ./IMAGES/Logo/INTECH.png  used on input line 54.
(luatex.def)             Requested size: 99.58313pt x 44.29965pt.
 [22<./IMAGES/paramuser.png>]
<./IMAGES/BathyF.png, id=672, 1010.27437pt x 608.2725pt>
File: ./IMAGES/BathyF.png Graphic file (type png)
<use ./IMAGES/BathyF.png>
Package luatex.def Info: ./IMAGES/BathyF.png  used on input line 57.
(luatex.def)             Requested size: 426.79134pt x 256.96703pt.
<./IMAGES/Gestioncrs.png, id=675, 1180.41pt x 584.93532pt>
File: ./IMAGES/Gestioncrs.png Graphic file (type png)
<use ./IMAGES/Gestioncrs.png>
Package luatex.def Info: ./IMAGES/Gestioncrs.png  used on input line 66.
(luatex.def)             Requested size: 455.24408pt x 225.58904pt.
File: ./IMAGES/Logo/LUSAC.png Graphic file (type png)
<use ./IMAGES/Logo/LUSAC.png>
Package luatex.def Info: ./IMAGES/Logo/LUSAC.png  used on input line 72.
(luatex.def)             Requested size: 49.79535pt x 49.79482pt.
File: ./IMAGES/Logo/INTECH.png Graphic file (type png)
<use ./IMAGES/Logo/INTECH.png>
Package luatex.def Info: ./IMAGES/Logo/INTECH.png  used on input line 72.
(luatex.def)             Requested size: 99.58313pt x 44.29965pt.
 [23<./IMAGES/BathyF.png><./IMAGES/Gestioncrs.png>]
<./IMAGES/Script/gridonmap.png, id=689, 1186.4325pt x 603.0028pt>
File: ./IMAGES/Script/gridonmap.png Graphic file (type png)
<use ./IMAGES/Script/gridonmap.png>
Package luatex.def Info: ./IMAGES/Script/gridonmap.png  used on input line 80.
(luatex.def)             Requested size: 497.92325pt x 253.06622pt.

Underfull \hbox (badness 10000) in paragraph at lines 85--86

 []

File: ./IMAGES/Logo/LUSAC.png Graphic file (type png)
<use ./IMAGES/Logo/LUSAC.png>
Package luatex.def Info: ./IMAGES/Logo/LUSAC.png  used on input line 86.
(luatex.def)             Requested size: 49.79535pt x 49.79482pt.
File: ./IMAGES/Logo/INTECH.png Graphic file (type png)
<use ./IMAGES/Logo/INTECH.png>
Package luatex.def Info: ./IMAGES/Logo/INTECH.png  used on input line 86.
(luatex.def)             Requested size: 99.58313pt x 44.29965pt.
[24<./IMAGES/Script/gridonmap.png>]
File: ./IMAGES/Logo/LUSAC.png Graphic file (type png)
<use ./IMAGES/Logo/LUSAC.png>
Package luatex.def Info: ./IMAGES/Logo/LUSAC.png  used on input line 95.
(luatex.def)             Requested size: 49.79535pt x 49.79482pt.
File: ./IMAGES/Logo/INTECH.png Graphic file (type png)
<use ./IMAGES/Logo/INTECH.png>
Package luatex.def Info: ./IMAGES/Logo/INTECH.png  used on input line 95.
(luatex.def)             Requested size: 99.58313pt x 44.29965pt.
 [25]
<./IMAGES/Script/scriptdet.png, id=710, 978.65625pt x 511.9125pt>
File: ./IMAGES/Script/scriptdet.png Graphic file (type png)
<use ./IMAGES/Script/scriptdet.png>
Package luatex.def Info: ./IMAGES/Script/scriptdet.png  used on input line 98.
(luatex.def)             Requested size: 426.79134pt x 223.25035pt.

Underfull \hbox (badness 10000) in paragraph at lines 139--140

 []

File: ./IMAGES/Logo/LUSAC.png Graphic file (type png)
<use ./IMAGES/Logo/LUSAC.png>
Package luatex.def Info: ./IMAGES/Logo/LUSAC.png  used on input line 142.
(luatex.def)             Requested size: 49.79535pt x 49.79482pt.
File: ./IMAGES/Logo/INTECH.png Graphic file (type png)
<use ./IMAGES/Logo/INTECH.png>
Package luatex.def Info: ./IMAGES/Logo/INTECH.png  used on input line 142.
(luatex.def)             Requested size: 99.58313pt x 44.29965pt.
[26<./IMAGES/Script/scriptdet.png>]
Underfull \hbox (badness 10000) in paragraph at lines 164--164
[][][]\T1/lmr/m/n/10 .[][]$\T1/lmtt/m/n/10 https://gitlab.inria.fr/croco-[]ocean
/croco_tools/-[]/blob/master/Preprocessing_tools/
 []


Underfull \hbox (badness 10000) in paragraph at lines 166--167

 []

<./IMAGES/ZoneDiag/zone1.png, id=722, 597.73312pt x 414.04688pt>
File: ./IMAGES/ZoneDiag/zone1.png Graphic file (type png)
<use ./IMAGES/ZoneDiag/zone1.png>
Package luatex.def Info: ./IMAGES/ZoneDiag/zone1.png  used on input line 178.
(luatex.def)             Requested size: 341.43306pt x 236.50827pt.
File: ./IMAGES/Logo/LUSAC.png Graphic file (type png)
<use ./IMAGES/Logo/LUSAC.png>
Package luatex.def Info: ./IMAGES/Logo/LUSAC.png  used on input line 181.
(luatex.def)             Requested size: 49.79535pt x 49.79482pt.
File: ./IMAGES/Logo/INTECH.png Graphic file (type png)
<use ./IMAGES/Logo/INTECH.png>
Package luatex.def Info: ./IMAGES/Logo/INTECH.png  used on input line 181.
(luatex.def)             Requested size: 99.58313pt x 44.29965pt.
[27]
<./IMAGES/Script/createnc.png, id=735, 1026.83624pt x 449.68pt>
File: ./IMAGES/Script/createnc.png Graphic file (type png)
<use ./IMAGES/Script/createnc.png>
Package luatex.def Info: ./IMAGES/Script/createnc.png  used on input line 187.
(luatex.def)             Requested size: 426.79134pt x 186.9019pt.
<./IMAGES/ZoneDiag/zone2.png, id=736, 597.73312pt x 225.84375pt>
File: ./IMAGES/ZoneDiag/zone2.png Graphic file (type png)
<use ./IMAGES/ZoneDiag/zone2.png>
Package luatex.def Info: ./IMAGES/ZoneDiag/zone2.png  used on input line 199.
(luatex.def)             Requested size: 382.56613pt x 144.54pt.
File: ./IMAGES/Logo/LUSAC.png Graphic file (type png)
<use ./IMAGES/Logo/LUSAC.png>
Package luatex.def Info: ./IMAGES/Logo/LUSAC.png  used on input line 202.
(luatex.def)             Requested size: 49.79535pt x 49.79482pt.
File: ./IMAGES/Logo/INTECH.png Graphic file (type png)
<use ./IMAGES/Logo/INTECH.png>
Package luatex.def Info: ./IMAGES/Logo/INTECH.png  used on input line 202.
(luatex.def)             Requested size: 99.58313pt x 44.29965pt.
 [28<./IMAGES/ZoneDiag/ZONE1.png><./IMAGES/Script/createnc.png>]
Underfull \hbox (badness 10000) in paragraph at lines 263--264

 []

File: ./IMAGES/Logo/LUSAC.png Graphic file (type png)
<use ./IMAGES/Logo/LUSAC.png>
Package luatex.def Info: ./IMAGES/Logo/LUSAC.png  used on input line 266.
(luatex.def)             Requested size: 49.79535pt x 49.79482pt.
File: ./IMAGES/Logo/INTECH.png Graphic file (type png)
<use ./IMAGES/Logo/INTECH.png>
Package luatex.def Info: ./IMAGES/Logo/INTECH.png  used on input line 266.
(luatex.def)             Requested size: 99.58313pt x 44.29965pt.
[29<./IMAGES/ZoneDiag/ZONE2.png>]
<./IMAGES/Interpolation/Interpolation.png, id=760, 468.75125pt x 434.62375pt>
File: ./IMAGES/Interpolation/Interpolation.png Graphic file (type png)
<use ./IMAGES/Interpolation/Interpolation.png>
Package luatex.def Info: ./IMAGES/Interpolation/Interpolation.png  used on inpu
t line 275.
(luatex.def)             Requested size: 341.43306pt x 316.56972pt.
File: ./IMAGES/Logo/LUSAC.png Graphic file (type png)
<use ./IMAGES/Logo/LUSAC.png>
Package luatex.def Info: ./IMAGES/Logo/LUSAC.png  used on input line 286.
(luatex.def)             Requested size: 49.79535pt x 49.79482pt.
File: ./IMAGES/Logo/INTECH.png Graphic file (type png)
<use ./IMAGES/Logo/INTECH.png>
Package luatex.def Info: ./IMAGES/Logo/INTECH.png  used on input line 286.
(luatex.def)             Requested size: 99.58313pt x 44.29965pt.
 [30<./IMAGES/Interpolation/Interpolation.png>]
<./IMAGES/Interpolation/ShemaUser.png, id=776, 400.49625pt x 552.56438pt>
File: ./IMAGES/Interpolation/ShemaUser.png Graphic file (type png)
<use ./IMAGES/Interpolation/ShemaUser.png>
Package luatex.def Info: ./IMAGES/Interpolation/ShemaUser.png  used on input li
ne 296.
(luatex.def)             Requested size: 309.3364pt x 426.79134pt.
File: ./IMAGES/Logo/LUSAC.png Graphic file (type png)
<use ./IMAGES/Logo/LUSAC.png>
Package luatex.def Info: ./IMAGES/Logo/LUSAC.png  used on input line 304.
(luatex.def)             Requested size: 49.79535pt x 49.79482pt.
File: ./IMAGES/Logo/INTECH.png Graphic file (type png)
<use ./IMAGES/Logo/INTECH.png>
Package luatex.def Info: ./IMAGES/Logo/INTECH.png  used on input line 304.
(luatex.def)             Requested size: 99.58313pt x 44.29965pt.
 [31<./IMAGES/Interpolation/ShemaUser.png>]
File: ./IMAGES/Logo/LUSAC.png Graphic file (type png)
<use ./IMAGES/Logo/LUSAC.png>
Package luatex.def Info: ./IMAGES/Logo/LUSAC.png  used on input line 342.
(luatex.def)             Requested size: 49.79535pt x 49.79482pt.
File: ./IMAGES/Logo/INTECH.png Graphic file (type png)
<use ./IMAGES/Logo/INTECH.png>
Package luatex.def Info: ./IMAGES/Logo/INTECH.png  used on input line 342.
(luatex.def)             Requested size: 99.58313pt x 44.29965pt.
 [32]
LaTeX Font Info:    Font shape `T1/lmtt/bx/n' in size <12> not available
(Font)              Font shape `T1/lmtt/b/n' tried instead on input line 345.
<./IMAGES/Interpolation/interpolationNC.png, id=796, 1159.33125pt x 703.12688pt
>
File: ./IMAGES/Interpolation/interpolationNC.png Graphic file (type png)
<use ./IMAGES/Interpolation/interpolationNC.png>
Package luatex.def Info: ./IMAGES/Interpolation/interpolationNC.png  used on in
put line 351.
(luatex.def)             Requested size: 497.92325pt x 301.9846pt.
File: ./IMAGES/Logo/LUSAC.png Graphic file (type png)
<use ./IMAGES/Logo/LUSAC.png>
Package luatex.def Info: ./IMAGES/Logo/LUSAC.png  used on input line 369.
(luatex.def)             Requested size: 49.79535pt x 49.79482pt.
File: ./IMAGES/Logo/INTECH.png Graphic file (type png)
<use ./IMAGES/Logo/INTECH.png>
Package luatex.def Info: ./IMAGES/Logo/INTECH.png  used on input line 369.
(luatex.def)             Requested size: 99.58313pt x 44.29965pt.
 [33<./IMAGES/Interpolation/interpolationNC.png>]
Underfull \hbox (badness 10000) in paragraph at lines 432--433

 []

<./IMAGES/Interpolation/BathyView.png, id=812, 804.00375pt x 394.47375pt>
File: ./IMAGES/Interpolation/BathyView.png Graphic file (type png)
<use ./IMAGES/Interpolation/BathyView.png>
Package luatex.def Info: ./IMAGES/Interpolation/BathyView.png  used on input li
ne 436.
(luatex.def)             Requested size: 497.92325pt x 244.29431pt.

LaTeX Warning: `!h' float specifier changed to `!ht'.

File: ./IMAGES/Logo/LUSAC.png Graphic file (type png)
<use ./IMAGES/Logo/LUSAC.png>
Package luatex.def Info: ./IMAGES/Logo/LUSAC.png  used on input line 449.
(luatex.def)             Requested size: 49.79535pt x 49.79482pt.
File: ./IMAGES/Logo/INTECH.png Graphic file (type png)
<use ./IMAGES/Logo/INTECH.png>
Package luatex.def Info: ./IMAGES/Logo/INTECH.png  used on input line 449.
(luatex.def)             Requested size: 99.58313pt x 44.29965pt.
[34]
File: ./IMAGES/Logo/LUSAC.png Graphic file (type png)
<use ./IMAGES/Logo/LUSAC.png>
Package luatex.def Info: ./IMAGES/Logo/LUSAC.png  used on input line 452.
(luatex.def)             Requested size: 49.79535pt x 49.79482pt.
File: ./IMAGES/Logo/INTECH.png Graphic file (type png)
<use ./IMAGES/Logo/INTECH.png>
Package luatex.def Info: ./IMAGES/Logo/INTECH.png  used on input line 452.
(luatex.def)             Requested size: 99.58313pt x 44.29965pt.
 [35<./IMAGES/Interpolation/BathyView.png>]
Underfull \hbox (badness 10000) in paragraph at lines 454--455

 []

File: ./IMAGES/Logo/LUSAC.png Graphic file (type png)
<use ./IMAGES/Logo/LUSAC.png>
Package luatex.def Info: ./IMAGES/Logo/LUSAC.png  used on input line 494.
(luatex.def)             Requested size: 49.79535pt x 49.79482pt.
File: ./IMAGES/Logo/INTECH.png Graphic file (type png)
<use ./IMAGES/Logo/INTECH.png>
Package luatex.def Info: ./IMAGES/Logo/INTECH.png  used on input line 494.
(luatex.def)             Requested size: 99.58313pt x 44.29965pt.
[36]
<./IMAGES/Interpolation/mask.png, id=840, 636.3775pt x 540.0175pt>
File: ./IMAGES/Interpolation/mask.png Graphic file (type png)
<use ./IMAGES/Interpolation/mask.png>
Package luatex.def Info: ./IMAGES/Interpolation/mask.png  used on input line 50
7.
(luatex.def)             Requested size: 398.3401pt x 338.02098pt.
File: ./IMAGES/Logo/LUSAC.png Graphic file (type png)
<use ./IMAGES/Logo/LUSAC.png>
Package luatex.def Info: ./IMAGES/Logo/LUSAC.png  used on input line 514.
(luatex.def)             Requested size: 49.79535pt x 49.79482pt.
File: ./IMAGES/Logo/INTECH.png Graphic file (type png)
<use ./IMAGES/Logo/INTECH.png>
Package luatex.def Info: ./IMAGES/Logo/INTECH.png  used on input line 514.
(luatex.def)             Requested size: 99.58313pt x 44.29965pt.
 [37<./IMAGES/Interpolation/mask.png>]
<./IMAGES/Interpolation/final.png, id=847, 789.70032pt x 508.90125pt>
File: ./IMAGES/Interpolation/final.png Graphic file (type png)
<use ./IMAGES/Interpolation/final.png>
Package luatex.def Info: ./IMAGES/Interpolation/final.png  used on input line 5
20.
(luatex.def)             Requested size: 497.92325pt x 320.8735pt.
File: ./IMAGES/Logo/LUSAC.png Graphic file (type png)
<use ./IMAGES/Logo/LUSAC.png>
Package luatex.def Info: ./IMAGES/Logo/LUSAC.png  used on input line 530.
(luatex.def)             Requested size: 49.79535pt x 49.79482pt.
File: ./IMAGES/Logo/INTECH.png Graphic file (type png)
<use ./IMAGES/Logo/INTECH.png>
Package luatex.def Info: ./IMAGES/Logo/INTECH.png  used on input line 530.
(luatex.def)             Requested size: 99.58313pt x 44.29965pt.
 [38<./IMAGES/Interpolation/final.png>]) (./chapitre/tide.tex
Underfull \hbox (badness 10000) in paragraph at lines 15--16

 []

File: ./IMAGES/Logo/LUSAC.png Graphic file (type png)
<use ./IMAGES/Logo/LUSAC.png>
Package luatex.def Info: ./IMAGES/Logo/LUSAC.png  used on input line 19.
(luatex.def)             Requested size: 49.79535pt x 49.79482pt.
File: ./IMAGES/Logo/INTECH.png Graphic file (type png)
<use ./IMAGES/Logo/INTECH.png>
Package luatex.def Info: ./IMAGES/Logo/INTECH.png  used on input line 19.
(luatex.def)             Requested size: 99.58313pt x 44.29965pt.
[39]
Underfull \hbox (badness 10000) in paragraph at lines 29--30

 []


Underfull \hbox (badness 10000) in paragraph at lines 35--36

 []

<./IMAGES/Tide/Qcrocotide.png, id=876, 557.83406pt x 571.38469pt>
File: ./IMAGES/Tide/Qcrocotide.png Graphic file (type png)
<use ./IMAGES/Tide/Qcrocotide.png>
Package luatex.def Info: ./IMAGES/Tide/Qcrocotide.png  used on input line 41.
(luatex.def)             Requested size: 398.3401pt x 408.02255pt.

LaTeX Warning: `!h' float specifier changed to `!ht'.


Underfull \hbox (badness 10000) in paragraph at lines 46--47

 []

File: ./IMAGES/Logo/LUSAC.png Graphic file (type png)
<use ./IMAGES/Logo/LUSAC.png>
Package luatex.def Info: ./IMAGES/Logo/LUSAC.png  used on input line 49.
(luatex.def)             Requested size: 49.79535pt x 49.79482pt.
File: ./IMAGES/Logo/INTECH.png Graphic file (type png)
<use ./IMAGES/Logo/INTECH.png>
Package luatex.def Info: ./IMAGES/Logo/INTECH.png  used on input line 49.
(luatex.def)             Requested size: 99.58313pt x 44.29965pt.
[40]
File: ./IMAGES/Logo/LUSAC.png Graphic file (type png)
<use ./IMAGES/Logo/LUSAC.png>
Package luatex.def Info: ./IMAGES/Logo/LUSAC.png  used on input line 63.
(luatex.def)             Requested size: 49.79535pt x 49.79482pt.
File: ./IMAGES/Logo/INTECH.png Graphic file (type png)
<use ./IMAGES/Logo/INTECH.png>
Package luatex.def Info: ./IMAGES/Logo/INTECH.png  used on input line 63.
(luatex.def)             Requested size: 99.58313pt x 44.29965pt.
 [41<./IMAGES/Tide/Qcrocotide.png>]
Underfull \hbox (badness 10000) in paragraph at lines 94--95

 []

File: ./IMAGES/Logo/LUSAC.png Graphic file (type png)
<use ./IMAGES/Logo/LUSAC.png>
Package luatex.def Info: ./IMAGES/Logo/LUSAC.png  used on input line 95.
(luatex.def)             Requested size: 49.79535pt x 49.79482pt.
File: ./IMAGES/Logo/INTECH.png Graphic file (type png)
<use ./IMAGES/Logo/INTECH.png>
Package luatex.def Info: ./IMAGES/Logo/INTECH.png  used on input line 95.
(luatex.def)             Requested size: 99.58313pt x 44.29965pt.
[42]) (./chapitre/Bulk.tex
File: ./IMAGES/Logo/LUSAC.png Graphic file (type png)
<use ./IMAGES/Logo/LUSAC.png>
Package luatex.def Info: ./IMAGES/Logo/LUSAC.png  used on input line 19.
(luatex.def)             Requested size: 49.79535pt x 49.79482pt.
File: ./IMAGES/Logo/INTECH.png Graphic file (type png)
<use ./IMAGES/Logo/INTECH.png>
Package luatex.def Info: ./IMAGES/Logo/INTECH.png  used on input line 19.
(luatex.def)             Requested size: 99.58313pt x 44.29965pt.
 [43]
File: ./IMAGES/Logo/LUSAC.png Graphic file (type png)
<use ./IMAGES/Logo/LUSAC.png>
Package luatex.def Info: ./IMAGES/Logo/LUSAC.png  used on input line 41.
(luatex.def)             Requested size: 49.79535pt x 49.79482pt.
File: ./IMAGES/Logo/INTECH.png Graphic file (type png)
<use ./IMAGES/Logo/INTECH.png>
Package luatex.def Info: ./IMAGES/Logo/INTECH.png  used on input line 41.
(luatex.def)             Requested size: 99.58313pt x 44.29965pt.
 [44]
<./IMAGES/Bulk/bulk_interface_overview.png, id=949, 548.80031pt x 568.37344pt>
File: ./IMAGES/Bulk/bulk_interface_overview.png Graphic file (type png)
<use ./IMAGES/Bulk/bulk_interface_overview.png>
Package luatex.def Info: ./IMAGES/Bulk/bulk_interface_overview.png  used on inp
ut line 44.
(luatex.def)             Requested size: 348.91975pt x 361.34999pt.
File: ./IMAGES/Logo/LUSAC.png Graphic file (type png)
<use ./IMAGES/Logo/LUSAC.png>
Package luatex.def Info: ./IMAGES/Logo/LUSAC.png  used on input line 59.
(luatex.def)             Requested size: 49.79535pt x 49.79482pt.
File: ./IMAGES/Logo/INTECH.png Graphic file (type png)
<use ./IMAGES/Logo/INTECH.png>
Package luatex.def Info: ./IMAGES/Logo/INTECH.png  used on input line 59.
(luatex.def)             Requested size: 99.58313pt x 44.29965pt.
 [45<./IMAGES/Bulk/bulk_interface_overview.png>]
Underfull \hbox (badness 10000) in paragraph at lines 89--90

 []

))
File: ./IMAGES/Logo/LUSAC.png Graphic file (type png)
<use ./IMAGES/Logo/LUSAC.png>
Package luatex.def Info: ./IMAGES/Logo/LUSAC.png  used on input line 166.
(luatex.def)             Requested size: 49.79535pt x 49.79482pt.
File: ./IMAGES/Logo/INTECH.png Graphic file (type png)
<use ./IMAGES/Logo/INTECH.png>
Package luatex.def Info: ./IMAGES/Logo/INTECH.png  used on input line 166.
(luatex.def)             Requested size: 99.58313pt x 44.29965pt.
 [46] (./chapitre/Resultats.tex
<./IMAGES/resultats/chemin_sortie.png, id=964, 833.1125pt x 258.9675pt>
File: ./IMAGES/resultats/chemin_sortie.png Graphic file (type png)
<use ./IMAGES/resultats/chemin_sortie.png>
Package luatex.def Info: ./IMAGES/resultats/chemin_sortie.png  used on input li
ne 13.
(luatex.def)             Requested size: 298.75697pt x 92.86467pt.
<./IMAGES/resultats/qcroco_param.png, id=965, 399.4925pt x 760.8425pt>
File: ./IMAGES/resultats/qcroco_param.png Graphic file (type png)
<use ./IMAGES/resultats/qcroco_param.png>
Package luatex.def Info: ./IMAGES/resultats/qcroco_param.png  used on input lin
e 26.
(luatex.def)             Requested size: 224.0983pt x 426.79134pt.


LaTeX Warning: `!h' float specifier changed to `!ht'.

LaTeX Font Info:    Font shape `T1/lmtt/bx/n' in size <14.4> not available
(Font)              Font shape `T1/lmtt/b/n' tried instead on input line 34.
File: ./IMAGES/Logo/LUSAC.png Graphic file (type png)
<use ./IMAGES/Logo/LUSAC.png>
Package luatex.def Info: ./IMAGES/Logo/LUSAC.png  used on input line 42.
(luatex.def)             Requested size: 49.79535pt x 49.79482pt.
File: ./IMAGES/Logo/INTECH.png Graphic file (type png)
<use ./IMAGES/Logo/INTECH.png>
Package luatex.def Info: ./IMAGES/Logo/INTECH.png  used on input line 42.
(luatex.def)             Requested size: 99.58313pt x 44.29965pt.
[47<./IMAGES/resultats/chemin_sortie.png>]
<./IMAGES/resultats/qcroco_grid.png, id=977, 1249.66875pt x 855.195pt>
File: ./IMAGES/resultats/qcroco_grid.png Graphic file (type png)
<use ./IMAGES/resultats/qcroco_grid.png>
Package luatex.def Info: ./IMAGES/resultats/qcroco_grid.png  used on input line
 48.
(luatex.def)             Requested size: 341.43306pt x 233.64607pt.


LaTeX Warning: `!h' float specifier changed to `!ht'.

<./IMAGES/resultats/SntVast_grd.png, id=979, 1423.3175pt x 498.86375pt>
File: ./IMAGES/resultats/SntVast_grd.png Graphic file (type png)
<use ./IMAGES/resultats/SntVast_grd.png>
Package luatex.def Info: ./IMAGES/resultats/SntVast_grd.png  used on input line
 58.
(luatex.def)             Requested size: 341.43306pt x 119.66884pt.

LaTeX Warning: `!h' float specifier changed to `!ht'.

File: ./IMAGES/Logo/LUSAC.png Graphic file (type png)
<use ./IMAGES/Logo/LUSAC.png>
Package luatex.def Info: ./IMAGES/Logo/LUSAC.png  used on input line 70.
(luatex.def)             Requested size: 49.79535pt x 49.79482pt.
File: ./IMAGES/Logo/INTECH.png Graphic file (type png)
<use ./IMAGES/Logo/INTECH.png>
Package luatex.def Info: ./IMAGES/Logo/INTECH.png  used on input line 70.
(luatex.def)             Requested size: 99.58313pt x 44.29965pt.
[48<./IMAGES/resultats/qcroco_param.png>]
<./IMAGES/resultats/Qcrocoflow_Forcing.png, id=991, 390.45876pt x 756.8275pt>
File: ./IMAGES/resultats/Qcrocoflow_Forcing.png Graphic file (type png)
<use ./IMAGES/resultats/Qcrocoflow_Forcing.png>
Package luatex.def Info: ./IMAGES/resultats/Qcrocoflow_Forcing.png  used on inp
ut line 79.
(luatex.def)             Requested size: 199.16626pt x 386.0462pt.


LaTeX Warning: `!h' float specifier changed to `!ht'.


Underfull \hbox (badness 10000) in paragraph at lines 84--85

 []


Overfull \hbox (35.78484pt too wide) in paragraph at lines 86--87
\T1/lmr/m/n/12 Hougue a été gé-néré et est prêt à être uti-lisé dans CR
OCO. Ce fi-chier, nommé \T1/lmtt/m/n/12 SntVast_frc01Jan2016.nc\T1/lmr/m/n/12 
,
 []

File: ./IMAGES/Logo/LUSAC.png Graphic file (type png)
<use ./IMAGES/Logo/LUSAC.png>
Package luatex.def Info: ./IMAGES/Logo/LUSAC.png  used on input line 87.
(luatex.def)             Requested size: 49.79535pt x 49.79482pt.
File: ./IMAGES/Logo/INTECH.png Graphic file (type png)
<use ./IMAGES/Logo/INTECH.png>
Package luatex.def Info: ./IMAGES/Logo/INTECH.png  used on input line 87.
(luatex.def)             Requested size: 99.58313pt x 44.29965pt.
[49<./IMAGES/resultats/qcroco_grid.png><./IMAGES/resultats/SntVast_grd.png>]
<./IMAGES/resultats/SntVast_ForcingFile.png, id=1005, 828.09375pt x 235.88126pt
>
File: ./IMAGES/resultats/SntVast_ForcingFile.png Graphic file (type png)
<use ./IMAGES/resultats/SntVast_ForcingFile.png>
Package luatex.def Info: ./IMAGES/resultats/SntVast_ForcingFile.png  used on in
put line 91.
(luatex.def)             Requested size: 341.43306pt x 97.25902pt.
File: ./IMAGES/Logo/LUSAC.png Graphic file (type png)
<use ./IMAGES/Logo/LUSAC.png>
Package luatex.def Info: ./IMAGES/Logo/LUSAC.png  used on input line 100.
(luatex.def)             Requested size: 49.79535pt x 49.79482pt.
File: ./IMAGES/Logo/INTECH.png Graphic file (type png)
<use ./IMAGES/Logo/INTECH.png>
Package luatex.def Info: ./IMAGES/Logo/INTECH.png  used on input line 100.
(luatex.def)             Requested size: 99.58313pt x 44.29965pt.

[50<./IMAGES/resultats/Qcrocoflow_Forcing.png><./IMAGES/resultats/SntVast_Forcin
gFile.png>]
<./IMAGES/resultats/BulkFiles.png, id=1014, 828.09375pt x 235.88126pt>
File: ./IMAGES/resultats/BulkFiles.png Graphic file (type png)
<use ./IMAGES/resultats/BulkFiles.png>
Package luatex.def Info: ./IMAGES/resultats/BulkFiles.png  used on input line 1
05.
(luatex.def)             Requested size: 341.43306pt x 97.25902pt.
File: ./IMAGES/Logo/LUSAC.png Graphic file (type png)
<use ./IMAGES/Logo/LUSAC.png>
Package luatex.def Info: ./IMAGES/Logo/LUSAC.png  used on input line 114.
(luatex.def)             Requested size: 49.79535pt x 49.79482pt.
File: ./IMAGES/Logo/INTECH.png Graphic file (type png)
<use ./IMAGES/Logo/INTECH.png>
Package luatex.def Info: ./IMAGES/Logo/INTECH.png  used on input line 114.
(luatex.def)             Requested size: 99.58313pt x 44.29965pt.
 [51<./IMAGES/resultats/BulkFiles.png>]
<./IMAGES/resultats/Qcroco_Bulk.png, id=1023, 398.48875pt x 757.83125pt>
File: ./IMAGES/resultats/Qcroco_Bulk.png Graphic file (type png)
<use ./IMAGES/resultats/Qcroco_Bulk.png>
Package luatex.def Info: ./IMAGES/resultats/Qcroco_Bulk.png  used on input line
 117.
(luatex.def)             Requested size: 149.61533pt x 284.52756pt.
<./IMAGES/resultats/BulkGeneratedFiles.png, id=1024, 828.09375pt x 235.88126pt>

File: ./IMAGES/resultats/BulkGeneratedFiles.png Graphic file (type png)
<use ./IMAGES/resultats/BulkGeneratedFiles.png>
Package luatex.def Info: ./IMAGES/resultats/BulkGeneratedFiles.png  used on inp
ut line 127.
(luatex.def)             Requested size: 341.43306pt x 97.25902pt.
File: ./IMAGES/Logo/LUSAC.png Graphic file (type png)
<use ./IMAGES/Logo/LUSAC.png>
Package luatex.def Info: ./IMAGES/Logo/LUSAC.png  used on input line 132.
(luatex.def)             Requested size: 49.79535pt x 49.79482pt.
File: ./IMAGES/Logo/INTECH.png Graphic file (type png)
<use ./IMAGES/Logo/INTECH.png>
Package luatex.def Info: ./IMAGES/Logo/INTECH.png  used on input line 132.
(luatex.def)             Requested size: 99.58313pt x 44.29965pt.
 [52<./IMAGES/resultats/Qcroco_Bulk.png><./IMAGES/resultats/BulkGeneratedFiles.p
ng>]
Overfull \hbox (7.16318pt too wide) in paragraph at lines 133--133
[]\T1/lmr/bx/n/14.4 Conclu-sion de la confi-gu-ra-tion CROCO pour Saint-Vast-la-
Hougue. 
 []

)
File: ./IMAGES/Logo/LUSAC.png Graphic file (type png)
<use ./IMAGES/Logo/LUSAC.png>
Package luatex.def Info: ./IMAGES/Logo/LUSAC.png  used on input line 170.
(luatex.def)             Requested size: 49.79535pt x 49.79482pt.
File: ./IMAGES/Logo/INTECH.png Graphic file (type png)
<use ./IMAGES/Logo/INTECH.png>
Package luatex.def Info: ./IMAGES/Logo/INTECH.png  used on input line 170.
(luatex.def)             Requested size: 99.58313pt x 44.29965pt.
 [53] (./chapitre/conclusion.tex
Underfull \hbox (badness 10000) in paragraph at lines 16--17

 []

)
File: ./IMAGES/Logo/LUSAC.png Graphic file (type png)
<use ./IMAGES/Logo/LUSAC.png>
Package luatex.def Info: ./IMAGES/Logo/LUSAC.png  used on input line 174.
(luatex.def)             Requested size: 49.79535pt x 49.79482pt.
File: ./IMAGES/Logo/INTECH.png Graphic file (type png)
<use ./IMAGES/Logo/INTECH.png>
Package luatex.def Info: ./IMAGES/Logo/INTECH.png  used on input line 174.
(luatex.def)             Requested size: 99.58313pt x 44.29965pt.
 [54] (./main.bbl
File: ./IMAGES/Logo/LUSAC.png Graphic file (type png)
<use ./IMAGES/Logo/LUSAC.png>
Package luatex.def Info: ./IMAGES/Logo/LUSAC.png  used on input line 108.
(luatex.def)             Requested size: 49.79535pt x 49.79482pt.
File: ./IMAGES/Logo/INTECH.png Graphic file (type png)
<use ./IMAGES/Logo/INTECH.png>
Package luatex.def Info: ./IMAGES/Logo/INTECH.png  used on input line 108.
(luatex.def)             Requested size: 99.58313pt x 44.29965pt.
 [55
Missing character: There is no ’ (U+2019) in font ec-lmr12!
]
Underfull \hbox (badness 10000) in paragraph at lines 130--135
\T1/lmtt/m/n/12 ifremer.fr/DOC/PRES_TRAINING_CROCO_2022_2/BASICS/01_Basics-[]Mon
day/PRES01_2022_
 []


Underfull \hbox (badness 1137) in paragraph at lines 180--185
[]\T1/lmr/m/n/12 Na-tio-nal Ocea-nic and At-mos-phe-ric Ad-mi-nis-tra-tion.  Abo
ut har-mo-nic consti-tuents, 2023.
 []

File: ./IMAGES/Logo/LUSAC.png Graphic file (type png)
<use ./IMAGES/Logo/LUSAC.png>
Package luatex.def Info: ./IMAGES/Logo/LUSAC.png  used on input line 218.
(luatex.def)             Requested size: 49.79535pt x 49.79482pt.
File: ./IMAGES/Logo/INTECH.png Graphic file (type png)
<use ./IMAGES/Logo/INTECH.png>
Package luatex.def Info: ./IMAGES/Logo/INTECH.png  used on input line 218.
(luatex.def)             Requested size: 99.58313pt x 44.29965pt.
[56]
Underfull \hbox (badness 10000) in paragraph at lines 244--249
[]\T1/lmr/m/n/12 Wi-ki-pé-dia.  Bi-li-near in-ter-po-la-tion.  []$\T1/lmtt/m/n
/12 https://en.wikipedia.org/wiki/Bilinear_
 []

)
File: ./IMAGES/Logo/LUSAC.png Graphic file (type png)
<use ./IMAGES/Logo/LUSAC.png>
Package luatex.def Info: ./IMAGES/Logo/LUSAC.png  used on input line 182.
(luatex.def)             Requested size: 49.79535pt x 49.79482pt.
File: ./IMAGES/Logo/INTECH.png Graphic file (type png)
<use ./IMAGES/Logo/INTECH.png>
Package luatex.def Info: ./IMAGES/Logo/INTECH.png  used on input line 182.
(luatex.def)             Requested size: 99.58313pt x 44.29965pt.
 [57]
File: ./IMAGES/Logo/LUSAC.png Graphic file (type png)
<use ./IMAGES/Logo/LUSAC.png>
Package luatex.def Info: ./IMAGES/Logo/LUSAC.png  used on input line 191.
(luatex.def)             Requested size: 49.79535pt x 49.79482pt.
File: ./IMAGES/Logo/INTECH.png Graphic file (type png)
<use ./IMAGES/Logo/INTECH.png>
Package luatex.def Info: ./IMAGES/Logo/INTECH.png  used on input line 191.
(luatex.def)             Requested size: 99.58313pt x 44.29965pt.
 [58] (./main.aux)

LaTeX Font Warning: Some font shapes were not available, defaults substituted.

Package rerunfilecheck Info: File `main.out' has not changed.
(rerunfilecheck)             Checksum: 587DB3F53569009E2684DC3868037209;12919.
)

Here is how much of LuaTeX's memory you used:
 32170 strings out of 477805
 125002,1144653 words of node,token memory allocated
 5239 words of node memory still in use:
   4 hlist, 1 vlist, 1 rule, 226 glue, 3 kern, 1 penalty, 3 glyph, 1328 attribut
e, 56 glue_spec, 191 attribute_list, 2 write, 29 pdf_action nodes
   avail lists: 2:5246,3:698,4:156,5:590,6:108,7:9216,8:135,9:679,10:16,11:825
 50467 multiletter control sequences out of 65536+600000
 60 fonts using 4046695 bytes
 84i,16n,85p,1143b,900s stack positions out of 5000i,500n,10000p,200000b,80000s

warning  (pdf backend): unreferenced destination with name 'Hfootnote.28'

warning  (pdf backend): unreferenced destination with name 'Hfootnote.27'

warning  (pdf backend): unreferenced destination with name 'Hfootnote.26'

warning  (pdf backend): unreferenced destination with name 'Hfootnote.25'

warning  (pdf backend): unreferenced destination with name 'Hfootnote.24'

warning  (pdf backend): unreferenced destination with name 'Hfootnote.23'

warning  (pdf backend): unreferenced destination with name 'Hfootnote.22'

warning  (pdf backend): unreferenced destination with name 'Hfootnote.21'

warning  (pdf backend): unreferenced destination with name 'Hfootnote.20'

warning  (pdf backend): unreferenced destination with name 'Hfootnote.19'

warning  (pdf backend): unreferenced destination with name 'Hfootnote.18'

warning  (pdf backend): unreferenced destination with name 'Hfootnote.17'

warning  (pdf backend): unreferenced destination with name 'Hfootnote.16'

warning  (pdf backend): unreferenced destination with name 'Hfootnote.15'

warning  (pdf backend): unreferenced destination with name 'Hfootnote.14'

warning  (pdf backend): unreferenced destination with name 'Hfootnote.13'

warning  (pdf backend): unreferenced destination with name 'Hfootnote.12'

warning  (pdf backend): unreferenced destination with name 'Hfootnote.11'

warning  (pdf backend): unreferenced destination with name 'Hfootnote.10'

warning  (pdf backend): unreferenced destination with name 'Hfootnote.9'

warning  (pdf backend): unreferenced destination with name 'Hfootnote.8'

warning  (pdf backend): unreferenced destination with name 'Hfootnote.7'

warning  (pdf backend): unreferenced destination with name 'Hfootnote.6'

warning  (pdf backend): unreferenced destination with name 'Hfootnote.5'

warning  (pdf backend): unreferenced destination with name 'Hfootnote.4'

warning  (pdf backend): unreferenced destination with name 'Hfootnote.3'

warning  (pdf backend): unreferenced destination with name 'Hfootnote.2'

warning  (pdf backend): unreferenced destination with name 'Hfootnote.1'
{/usr/share/texmf/fonts/enc/dvips/lm/lm-ec.enc}</usr/share/texlive/texmf-dist/fo
nts/type1/public/amsfonts/cm/cmmi12.pfb></usr/share/texlive/texmf-dist/fonts/typ
e1/public/amsfonts/cm/cmmi6.pfb></usr/share/texlive/texmf-dist/fonts/type1/publi
c/amsfonts/cm/cmmi7.pfb></usr/share/texlive/texmf-dist/fonts/type1/public/amsfon
ts/cm/cmmi8.pfb></usr/share/texlive/texmf-dist/fonts/type1/public/amsfonts/cm/cm
r12.pfb></usr/share/texlive/texmf-dist/fonts/type1/public/amsfonts/cm/cmr7.pfb><
/usr/share/texlive/texmf-dist/fonts/type1/public/amsfonts/cm/cmr8.pfb></usr/shar
e/texlive/texmf-dist/fonts/type1/public/amsfonts/cm/cmsy10.pfb></usr/share/texli
ve/texmf-dist/fonts/type1/public/amsfonts/cm/cmsy8.pfb></usr/share/texmf/fonts/t
ype1/public/lm/lmbx10.pfb></usr/share/texmf/fonts/type1/public/lm/lmbx12.pfb></u
sr/share/texmf/fonts/type1/public/lm/lmbxi10.pfb></usr/share/texmf/fonts/type1/p
ublic/lm/lmcsc10.pfb></usr/share/texmf/fonts/type1/public/lm/lmr10.pfb></usr/sha
re/texmf/fonts/type1/public/lm/lmr12.pfb></usr/share/texmf/fonts/type1/public/lm
/lmr8.pfb></usr/share/texmf/fonts/type1/public/lm/lmri10.pfb></usr/share/texmf/f
onts/type1/public/lm/lmri12.pfb></usr/share/texmf/fonts/type1/public/lm/lmtk10.p
fb></usr/share/texmf/fonts/type1/public/lm/lmtt10.pfb></usr/share/texmf/fonts/ty
pe1/public/lm/lmtt12.pfb>
Output written on main.pdf (66 pages, 5445931 bytes).

PDF statistics: 1183 PDF objects out of 1200 (max. 8388607)
 999 compressed objects within 10 object streams
 271 named destinations out of 1000 (max. 131072)
 416 words of extra memory for PDF output out of 10000 (max. 100000000)

